Archive member included to satisfy reference by file (symbol)

/Applications/STM32CubeIDE.app/Contents/Eclipse/plugins/com.st.stm32cube.ide.mcu.externaltools.gnu-tools-for-stm32.13.3.rel1.macos64_1.0.0.202411102158/tools/bin/../lib/gcc/arm-none-eabi/13.3.1/../../../../arm-none-eabi/lib/thumb/v7e-m+fp/hard/libc_nano.a(libc_a-exit.o)
                              /Applications/STM32CubeIDE.app/Contents/Eclipse/plugins/com.st.stm32cube.ide.mcu.externaltools.gnu-tools-for-stm32.13.3.rel1.macos64_1.0.0.202411102158/tools/bin/../lib/gcc/arm-none-eabi/13.3.1/../../../../arm-none-eabi/lib/thumb/v7e-m+fp/hard/crt0.o (exit)
/Applications/STM32CubeIDE.app/Contents/Eclipse/plugins/com.st.stm32cube.ide.mcu.externaltools.gnu-tools-for-stm32.13.3.rel1.macos64_1.0.0.202411102158/tools/bin/../lib/gcc/arm-none-eabi/13.3.1/../../../../arm-none-eabi/lib/thumb/v7e-m+fp/hard/libc_nano.a(libc_a-findfp.o)
                              /Applications/STM32CubeIDE.app/Contents/Eclipse/plugins/com.st.stm32cube.ide.mcu.externaltools.gnu-tools-for-stm32.13.3.rel1.macos64_1.0.0.202411102158/tools/bin/../lib/gcc/arm-none-eabi/13.3.1/../../../../arm-none-eabi/lib/thumb/v7e-m+fp/hard/libc_nano.a(libc_a-exit.o) (__stdio_exit_handler)
/Applications/STM32CubeIDE.app/Contents/Eclipse/plugins/com.st.stm32cube.ide.mcu.externaltools.gnu-tools-for-stm32.13.3.rel1.macos64_1.0.0.202411102158/tools/bin/../lib/gcc/arm-none-eabi/13.3.1/../../../../arm-none-eabi/lib/thumb/v7e-m+fp/hard/libc_nano.a(libc_a-fwalk.o)
                              /Applications/STM32CubeIDE.app/Contents/Eclipse/plugins/com.st.stm32cube.ide.mcu.externaltools.gnu-tools-for-stm32.13.3.rel1.macos64_1.0.0.202411102158/tools/bin/../lib/gcc/arm-none-eabi/13.3.1/../../../../arm-none-eabi/lib/thumb/v7e-m+fp/hard/libc_nano.a(libc_a-findfp.o) (_fwalk_sglue)
/Applications/STM32CubeIDE.app/Contents/Eclipse/plugins/com.st.stm32cube.ide.mcu.externaltools.gnu-tools-for-stm32.13.3.rel1.macos64_1.0.0.202411102158/tools/bin/../lib/gcc/arm-none-eabi/13.3.1/../../../../arm-none-eabi/lib/thumb/v7e-m+fp/hard/libc_nano.a(libc_a-memset.o)
                              /Applications/STM32CubeIDE.app/Contents/Eclipse/plugins/com.st.stm32cube.ide.mcu.externaltools.gnu-tools-for-stm32.13.3.rel1.macos64_1.0.0.202411102158/tools/bin/../lib/gcc/arm-none-eabi/13.3.1/../../../../arm-none-eabi/lib/thumb/v7e-m+fp/hard/crt0.o (memset)
/Applications/STM32CubeIDE.app/Contents/Eclipse/plugins/com.st.stm32cube.ide.mcu.externaltools.gnu-tools-for-stm32.13.3.rel1.macos64_1.0.0.202411102158/tools/bin/../lib/gcc/arm-none-eabi/13.3.1/../../../../arm-none-eabi/lib/thumb/v7e-m+fp/hard/libc_nano.a(libc_a-errno.o)
                              ./Core/Src/syscalls.o (__errno)
/Applications/STM32CubeIDE.app/Contents/Eclipse/plugins/com.st.stm32cube.ide.mcu.externaltools.gnu-tools-for-stm32.13.3.rel1.macos64_1.0.0.202411102158/tools/bin/../lib/gcc/arm-none-eabi/13.3.1/../../../../arm-none-eabi/lib/thumb/v7e-m+fp/hard/libc_nano.a(libc_a-init.o)
                              /Applications/STM32CubeIDE.app/Contents/Eclipse/plugins/com.st.stm32cube.ide.mcu.externaltools.gnu-tools-for-stm32.13.3.rel1.macos64_1.0.0.202411102158/tools/bin/../lib/gcc/arm-none-eabi/13.3.1/../../../../arm-none-eabi/lib/thumb/v7e-m+fp/hard/crt0.o (__libc_init_array)
/Applications/STM32CubeIDE.app/Contents/Eclipse/plugins/com.st.stm32cube.ide.mcu.externaltools.gnu-tools-for-stm32.13.3.rel1.macos64_1.0.0.202411102158/tools/bin/../lib/gcc/arm-none-eabi/13.3.1/../../../../arm-none-eabi/lib/thumb/v7e-m+fp/hard/libc_nano.a(libc_a-lock.o)
                              /Applications/STM32CubeIDE.app/Contents/Eclipse/plugins/com.st.stm32cube.ide.mcu.externaltools.gnu-tools-for-stm32.13.3.rel1.macos64_1.0.0.202411102158/tools/bin/../lib/gcc/arm-none-eabi/13.3.1/../../../../arm-none-eabi/lib/thumb/v7e-m+fp/hard/libc_nano.a(libc_a-findfp.o) (__retarget_lock_init_recursive)
/Applications/STM32CubeIDE.app/Contents/Eclipse/plugins/com.st.stm32cube.ide.mcu.externaltools.gnu-tools-for-stm32.13.3.rel1.macos64_1.0.0.202411102158/tools/bin/../lib/gcc/arm-none-eabi/13.3.1/../../../../arm-none-eabi/lib/thumb/v7e-m+fp/hard/libc_nano.a(libc_a-impure.o)
                              /Applications/STM32CubeIDE.app/Contents/Eclipse/plugins/com.st.stm32cube.ide.mcu.externaltools.gnu-tools-for-stm32.13.3.rel1.macos64_1.0.0.202411102158/tools/bin/../lib/gcc/arm-none-eabi/13.3.1/../../../../arm-none-eabi/lib/thumb/v7e-m+fp/hard/libc_nano.a(libc_a-errno.o) (_impure_ptr)
/Applications/STM32CubeIDE.app/Contents/Eclipse/plugins/com.st.stm32cube.ide.mcu.externaltools.gnu-tools-for-stm32.13.3.rel1.macos64_1.0.0.202411102158/tools/bin/../lib/gcc/arm-none-eabi/13.3.1/../../../../arm-none-eabi/lib/thumb/v7e-m+fp/hard/libc_nano.a(libc_a-strlen.o)
                              ./Core/Src/main.o (strlen)
[...]
Memory Configuration

Name             Origin             Length             Attributes
RAM              0x20000000         0x00020000         xrw
FLASH            0x08000000         0x00080000         xr
*default*        0x00000000         0xffffffff

Linker script and memory map

LOAD /Applications/STM32CubeIDE.app/Contents/Eclipse/plugins/com.st.stm32cube.ide.mcu.externaltools.gnu-tools-for-stm32.13.3.rel1.macos64_1.0.0.202411102158/tools/bin/../lib/gcc/arm-none-eabi/13.3.1/thumb/v7e-m+fp/hard/crti.o
LOAD /Applications/STM32CubeIDE.app/Contents/Eclipse/plugins/com.st.stm32cube.ide.mcu.externaltools.gnu-tools-for-stm32.13.3.rel1.macos64_1.0.0.202411102158/tools/bin/../lib/gcc/arm-none-eabi/13.3.1/thumb/v7e-m+fp/hard/crtbegin.o
LOAD /Applications/STM32CubeIDE.app/Contents/Eclipse/plugins/com.st.stm32cube.ide.mcu.externaltools.gnu-tools-for-stm32.13.3.rel1.macos64_1.0.0.202411102158/tools/bin/../lib/gcc/arm-none-eabi/13.3.1/../../../../arm-none-eabi/lib/thumb/v7e-m+fp/hard/crt0.o
LOAD ./Core/Src/main.o
LOAD ./Core/Src/stm32f4xx_hal_msp.o
LOAD ./Core/Src/stm32f4xx_it.o
LOAD ./Core/Src/syscalls.o
LOAD ./Core/Src/sysmem.o
LOAD ./Core/Src/system_stm32f4xx.o
LOAD ./Core/Startup/startup_stm32f411vetx.o
LOAD ./Drivers/STM32F4xx_HAL_Driver/Src/stm32f4xx_hal.o
LOAD ./Drivers/STM32F4xx_HAL_Driver/Src/stm32f4xx_hal_cortex.o
LOAD ./Drivers/STM32F4xx_HAL_Driver/Src/stm32f4xx_hal_dma.o
LOAD ./Drivers/STM32F4xx_HAL_Driver/Src/stm32f4xx_hal_dma_ex.o
LOAD ./Drivers/STM32F4xx_HAL_Driver/Src/stm32f4xx_hal_exti.o
LOAD ./Drivers/STM32F4xx_HAL_Driver/Src/stm32f4xx_hal_flash.o
LOAD ./Drivers/STM32F4xx_HAL_Driver/Src/stm32f4xx_hal_flash_ex.o
LOAD ./Drivers/STM32F4xx_HAL_Driver/Src/stm32f4xx_hal_flash_ramfunc.o
LOAD ./Drivers/STM32F4xx_HAL_Driver/Src/stm32f4xx_hal_gpio.o
LOAD ./Drivers/STM32F4xx_HAL_Driver/Src/stm32f4xx_hal_pcd.o
LOAD ./Drivers/STM32F4xx_HAL_Driver/Src/stm32f4xx_hal_pcd_ex.o
LOAD ./Drivers/STM32F4xx_HAL_Driver/Src/stm32f4xx_hal_pwr.o
LOAD ./Drivers/STM32F4xx_HAL_Driver/Src/stm32f4xx_hal_pwr_ex.o
LOAD ./Drivers/STM32F4xx_HAL_Driver/Src/stm32f4xx_hal_rcc.o
LOAD ./Drivers/STM32F4xx_HAL_Driver/Src/stm32f4xx_hal_rcc_ex.o
LOAD ./Drivers/STM32F4xx_HAL_Driver/Src/stm32f4xx_ll_usb.o
LOAD ./Middlewares/ST/STM32_USB_Device_Library/Class/CDC/Src/usbd_cdc.o
LOAD ./Middlewares/ST/STM32_USB_Device_Library/Core/Src/usbd_core.o
LOAD ./Middlewares/ST/STM32_USB_Device_Library/Core/Src/usbd_ctlreq.o
LOAD ./Middlewares/ST/STM32_USB_Device_Library/Core/Src/usbd_ioreq.o
LOAD ./USB_DEVICE/App/usb_device.o
LOAD ./USB_DEVICE/App/usbd_cdc_if.o
LOAD ./USB_DEVICE/App/usbd_desc.o
LOAD ./USB_DEVICE/Target/usbd_conf.o
START GROUP
LOAD /Applications/STM32CubeIDE.app/Contents/Eclipse/plugins/com.st.stm32cube.ide.mcu.externaltools.gnu-tools-for-stm32.13.3.rel1.macos64_1.0.0.202411102158/tools/bin/../lib/gcc/arm-none-eabi/13.3.1/../../../../arm-none-eabi/lib/thumb/v7e-m+fp/hard/libc_nano.a
LOAD /Applications/STM32CubeIDE.app/Contents/Eclipse/plugins/com.st.stm32cube.ide.mcu.externaltools.gnu-tools-for-stm32.13.3.rel1.macos64_1.0.0.202411102158/tools/bin/../lib/gcc/arm-none-eabi/13.3.1/../../../../arm-none-eabi/lib/thumb/v7e-m+fp/hard/libm.a
END GROUP
START GROUP
LOAD /Applications/STM32CubeIDE.app/Contents/Eclipse/plugins/com.st.stm32cube.ide.mcu.externaltools.gnu-tools-for-stm32.13.3.rel1.macos64_1.0.0.202411102158/tools/bin/../lib/gcc/arm-none-eabi/13.3.1/thumb/v7e-m+fp/hard/libgcc.a
LOAD /Applications/STM32CubeIDE.app/Contents/Eclipse/plugins/com.st.stm32cube.ide.mcu.externaltools.gnu-tools-for-stm32.13.3.rel1.macos64_1.0.0.202411102158/tools/bin/../lib/gcc/arm-none-eabi/13.3.1/../../../../arm-none-eabi/lib/thumb/v7e-m+fp/hard/libc_nano.a
END GROUP
START GROUP
LOAD /Applications/STM32CubeIDE.app/Contents/Eclipse/plugins/com.st.stm32cube.ide.mcu.externaltools.gnu-tools-for-stm32.13.3.rel1.macos64_1.0.0.202411102158/tools/bin/../lib/gcc/arm-none-eabi/13.3.1/thumb/v7e-m+fp/hard/libgcc.a
LOAD /Applications/STM32CubeIDE.app/Contents/Eclipse/plugins/com.st.stm32cube.ide.mcu.externaltools.gnu-tools-for-stm32.13.3.rel1.macos64_1.0.0.202411102158/tools/bin/../lib/gcc/arm-none-eabi/13.3.1/../../../../arm-none-eabi/lib/thumb/v7e-m+fp/hard/libc_nano.a
LOAD /Applications/STM32CubeIDE.app/Contents/Eclipse/plugins/com.st.stm32cube.ide.mcu.externaltools.gnu-tools-for-stm32.13.3.rel1.macos64_1.0.0.202411102158/tools/bin/../lib/gcc/arm-none-eabi/13.3.1/../../../../arm-none-eabi/lib/thumb/v7e-m+fp/hard/libnosys.a
END GROUP
START GROUP
LOAD /Applications/STM32CubeIDE.app/Contents/Eclipse/plugins/com.st.stm32cube.ide.mcu.externaltools.gnu-tools-for-stm32.13.3.rel1.macos64_1.0.0.202411102158/tools/bin/../lib/gcc/arm-none-eabi/13.3.1/thumb/v7e-m+fp/hard/libgcc.a
LOAD /Applications/STM32CubeIDE.app/Contents/Eclipse/plugins/com.st.stm32cube.ide.mcu.externaltools.gnu-tools-for-stm32.13.3.rel1.macos64_1.0.0.202411102158/tools/bin/../lib/gcc/arm-none-eabi/13.3.1/../../../../arm-none-eabi/lib/thumb/v7e-m+fp/hard/libc_nano.a
LOAD /Applications/STM32CubeIDE.app/Contents/Eclipse/plugins/com.st.stm32cube.ide.mcu.externaltools.gnu-tools-for-stm32.13.3.rel1.macos64_1.0.0.202411102158/tools/bin/../lib/gcc/arm-none-eabi/13.3.1/../../../../arm-none-eabi/lib/thumb/v7e-m+fp/hard/libnosys.a
END GROUP
LOAD /Applications/STM32CubeIDE.app/Contents/Eclipse/plugins/com.st.stm32cube.ide.mcu.externaltools.gnu-tools-for-stm32.13.3.rel1.macos64_1.0.0.202411102158/tools/bin/../lib/gcc/arm-none-eabi/13.3.1/thumb/v7e-m+fp/hard/crtend.o
LOAD /Applications/STM32CubeIDE.app/Contents/Eclipse/plugins/com.st.stm32cube.ide.mcu.externaltools.gnu-tools-for-stm32.13.3.rel1.macos64_1.0.0.202411102158/tools/bin/../lib/gcc/arm-none-eabi/13.3.1/thumb/v7e-m+fp/hard/crtn.o
                0x20020000                        _estack = (ORIGIN (RAM) + LENGTH (RAM))
                0x00000200                        _Min_Heap_Size = 0x200
                0x00000400                        _Min_Stack_Size = 0x400

.isr_vector     0x08000000      0x198
                0x08000000                        . = ALIGN (0x4)
 *(.isr_vector)
 .isr_vector    0x08000000      0x198 ./Core/Startup/startup_stm32f411vetx.o
                0x08000000                g_pfnVectors
                0x08000198                        . = ALIGN (0x4)

.text           0x08000198     0x6b04
                0x08000198                        . = ALIGN (0x4)
 *(.text)
 .text          0x08000198       0x40 /Applications/STM32CubeIDE.app/Contents/Eclipse/plugins/com.st.stm32cube.ide.mcu.externaltools.gnu-tools-for-stm32.13.3.rel1.macos64_1.0.0.202411102158/tools/bin/../lib/gcc/arm-none-eabi/13.3.1/thumb/v7e-m+fp/hard/crtbegin.o
 .text          0x080001d8       0x10 /Applications/STM32CubeIDE.app/Contents/Eclipse/plugins/com.st.stm32cube.ide.mcu.externaltools.gnu-tools-for-stm32.13.3.rel1.macos64_1.0.0.202411102158/tools/bin/../lib/gcc/arm-none-eabi/13.3.1/../../../../arm-none-eabi/lib/thumb/v7e-m+fp/hard/libc_nano.a(libc_a-strlen.o)
                0x080001d8                strlen
 .text          0x080001e8       0x30 /Applications/STM32CubeIDE.app/Contents/Eclipse/plugins/com.st.stm32cube.ide.mcu.externaltools.gnu-tools-for-stm32.13.3.rel1.macos64_1.0.0.202411102158/tools/bin/../lib/gcc/arm-none-eabi/13.3.1/thumb/v7e-m+fp/hard/libgcc.a(_aeabi_uldivmod.o)
                0x080001e8                __aeabi_uldivmod
 .text          0x08000218      0x2f8 /Applications/STM32CubeIDE.app/Contents/Eclipse/plugins/com.st.stm32cube.ide.mcu.externaltools.gnu-tools-for-stm32.13.3.rel1.macos64_1.0.0.202411102158/tools/bin/../lib/gcc/arm-none-eabi/13.3.1/thumb/v7e-m+fp/hard/libgcc.a(_udivmoddi4.o)
                0x08000218                __udivmoddi4
 .text          0x08000510        0x4 /Applications/STM32CubeIDE.app/Contents/Eclipse/plugins/com.st.stm32cube.ide.mcu.externaltools.gnu-tools-for-stm32.13.3.rel1.macos64_1.0.0.202411102158/tools/bin/../lib/gcc/arm-none-eabi/13.3.1/thumb/v7e-m+fp/hard/libgcc.a(_dvmd_tls.o)
                0x08000510                __aeabi_ldiv0
                0x08000510                __aeabi_idiv0
 *(.text*)
 .text.main     0x08000514       0x38 ./Core/Src/main.o
                0x08000514                main
 .text.SystemClock_Config
                0x0800054c       0xd0 ./Core/Src/main.o
                0x0800054c                SystemClock_Config
 .text.MX_GPIO_Init
                0x0800061c       0x50 ./Core/Src/main.o
 .text.Error_Handler
                0x0800066c        0xc ./Core/Src/main.o
                0x0800066c                Error_Handler
 .text.HAL_MspInit
                0x08000678       0x50 ./Core/Src/stm32f4xx_hal_msp.o
                0x08000678                HAL_MspInit
 .text.NMI_Handler
                0x080006c8        0x8 ./Core/Src/stm32f4xx_it.o
                0x080006c8                NMI_Handler
 .text.HardFault_Handler
                0x080006d0        0x8 ./Core/Src/stm32f4xx_it.o
                0x080006d0                HardFault_Handler
 .text.MemManage_Handler
                0x080006d8        0x8 ./Core/Src/stm32f4xx_it.o
                0x080006d8                MemManage_Handler
 .text.BusFault_Handler
                0x080006e0        0x8 ./Core/Src/stm32f4xx_it.o
                0x080006e0                BusFault_Handler
 .text.UsageFault_Handler
                0x080006e8        0x8 ./Core/Src/stm32f4xx_it.o
                0x080006e8                UsageFault_Handler
 .text.SVC_Handler
                0x080006f0        0xe ./Core/Src/stm32f4xx_it.o
                0x080006f0                SVC_Handler
 .text.DebugMon_Handler
                0x080006fe        0xe ./Core/Src/stm32f4xx_it.o
                0x080006fe                DebugMon_Handler
 .text.PendSV_Handler
                0x0800070c        0xe ./Core/Src/stm32f4xx_it.o
                0x0800070c                PendSV_Handler
 .text.SysTick_Handler
                0x0800071a        0xc ./Core/Src/stm32f4xx_it.o
                0x0800071a                SysTick_Handler
 *fill*         0x08000726        0x2 
 .text.OTG_FS_IRQHandler
                0x08000728       0x14 ./Core/Src/stm32f4xx_it.o
                0x08000728                OTG_FS_IRQHandler
 .text.SystemInit
                0x0800073c       0x24 ./Core/Src/system_stm32f4xx.o
                0x0800073c                SystemInit
 .text.Reset_Handler
                0x08000760       0x50 ./Core/Startup/startup_stm32f411vetx.o
                0x08000760                Reset_Handler
 .text.Default_Handler
                0x080007b0        0x2 ./Core/Startup/startup_stm32f411vetx.o
                0x080007b0                DMA1_Stream3_IRQHandler
                0x080007b0                EXTI2_IRQHandler
                0x080007b0                SPI4_IRQHandler
                0x080007b0                TIM1_CC_IRQHandler
                0x080007b0                DMA2_Stream5_IRQHandler
                0x080007b0                DMA1_Stream5_IRQHandler
                0x080007b0                PVD_IRQHandler
                0x080007b0                SDIO_IRQHandler
                0x080007b0                TAMP_STAMP_IRQHandler
                0x080007b0                EXTI3_IRQHandler
                0x080007b0                TIM1_UP_TIM10_IRQHandler
                0x080007b0                I2C3_ER_IRQHandler
                0x080007b0                EXTI0_IRQHandler
                0x080007b0                I2C2_EV_IRQHandler
                0x080007b0                DMA1_Stream2_IRQHandler
                0x080007b0                DMA2_Stream2_IRQHandler
                0x080007b0                SPI1_IRQHandler
                0x080007b0                TIM1_BRK_TIM9_IRQHandler
                0x080007b0                DMA2_Stream3_IRQHandler
                0x080007b0                USART6_IRQHandler
                0x080007b0                DMA2_Stream0_IRQHandler
                0x080007b0                TIM4_IRQHandler
                0x080007b0                I2C1_EV_IRQHandler
                0x080007b0                DMA1_Stream6_IRQHandler
                0x080007b0                DMA1_Stream1_IRQHandler
                0x080007b0                TIM3_IRQHandler
                0x080007b0                RCC_IRQHandler
                0x080007b0                Default_Handler
                0x080007b0                EXTI15_10_IRQHandler
                0x080007b0                ADC_IRQHandler
                0x080007b0                DMA1_Stream7_IRQHandler
                0x080007b0                SPI5_IRQHandler
                0x080007b0                TIM5_IRQHandler
                0x080007b0                DMA2_Stream7_IRQHandler
                0x080007b0                I2C3_EV_IRQHandler
                0x080007b0                EXTI9_5_IRQHandler
                0x080007b0                RTC_WKUP_IRQHandler
                0x080007b0                SPI2_IRQHandler
                0x080007b0                DMA1_Stream0_IRQHandler
                0x080007b0                EXTI4_IRQHandler
                0x080007b0                WWDG_IRQHandler
                0x080007b0                TIM2_IRQHandler
                0x080007b0                OTG_FS_WKUP_IRQHandler
                0x080007b0                TIM1_TRG_COM_TIM11_IRQHandler
                0x080007b0                EXTI1_IRQHandler
                0x080007b0                USART2_IRQHandler
                0x080007b0                I2C2_ER_IRQHandler
                0x080007b0                DMA2_Stream1_IRQHandler
                0x080007b0                FLASH_IRQHandler
                0x080007b0                DMA2_Stream4_IRQHandler
                0x080007b0                USART1_IRQHandler
                0x080007b0                SPI3_IRQHandler
                0x080007b0                DMA1_Stream4_IRQHandler
                0x080007b0                I2C1_ER_IRQHandler
                0x080007b0                DMA2_Stream6_IRQHandler
                0x080007b0                RTC_Alarm_IRQHandler
 *fill*         0x080007b2        0x2 
 .text.HAL_Init
                0x080007b4       0x44 ./Drivers/STM32F4xx_HAL_Driver/Src/stm32f4xx_hal.o
                0x080007b4                HAL_Init
 .text.HAL_InitTick
                0x080007f8       0x60 ./Drivers/STM32F4xx_HAL_Driver/Src/stm32f4xx_hal.o
                0x080007f8                HAL_InitTick
 .text.HAL_IncTick
                0x08000858       0x28 ./Drivers/STM32F4xx_HAL_Driver/Src/stm32f4xx_hal.o
                0x08000858                HAL_IncTick
 .text.HAL_GetTick
                0x08000880       0x18 ./Drivers/STM32F4xx_HAL_Driver/Src/stm32f4xx_hal.o
                0x08000880                HAL_GetTick
 .text.HAL_Delay
                0x08000898       0x48 ./Drivers/STM32F4xx_HAL_Driver/Src/stm32f4xx_hal.o
                0x08000898                HAL_Delay
 .text.__NVIC_SetPriorityGrouping
                0x080008e0       0x48 ./Drivers/STM32F4xx_HAL_Driver/Src/stm32f4xx_hal_cortex.o
 .text.__NVIC_GetPriorityGrouping
                0x08000928       0x1c ./Drivers/STM32F4xx_HAL_Driver/Src/stm32f4xx_hal_cortex.o
 .text.__NVIC_EnableIRQ
                0x08000944       0x3c ./Drivers/STM32F4xx_HAL_Driver/Src/stm32f4xx_hal_cortex.o
 .text.__NVIC_SetPriority
                0x08000980       0x54 ./Drivers/STM32F4xx_HAL_Driver/Src/stm32f4xx_hal_cortex.o
 .text.NVIC_EncodePriority
                0x080009d4       0x66 ./Drivers/STM32F4xx_HAL_Driver/Src/stm32f4xx_hal_cortex.o
 *fill*         0x08000a3a        0x2 
 .text.SysTick_Config
                0x08000a3c       0x44 ./Drivers/STM32F4xx_HAL_Driver/Src/stm32f4xx_hal_cortex.o
 .text.HAL_NVIC_SetPriorityGrouping
                0x08000a80       0x16 ./Drivers/STM32F4xx_HAL_Driver/Src/stm32f4xx_hal_cortex.o
                0x08000a80                HAL_NVIC_SetPriorityGrouping
 .text.HAL_NVIC_SetPriority
                0x08000a96       0x38 ./Drivers/STM32F4xx_HAL_Driver/Src/stm32f4xx_hal_cortex.o
                0x08000a96                HAL_NVIC_SetPriority
 .text.HAL_NVIC_EnableIRQ
                0x08000ace       0x1c ./Drivers/STM32F4xx_HAL_Driver/Src/stm32f4xx_hal_cortex.o
                0x08000ace                HAL_NVIC_EnableIRQ
 .text.HAL_SYSTICK_Config
                0x08000aea       0x18 ./Drivers/STM32F4xx_HAL_Driver/Src/stm32f4xx_hal_cortex.o
                0x08000aea                HAL_SYSTICK_Config
 *fill*         0x08000b02        0x2 
 .text.HAL_GPIO_Init
                0x08000b04      0x308 ./Drivers/STM32F4xx_HAL_Driver/Src/stm32f4xx_hal_gpio.o
                0x08000b04                HAL_GPIO_Init
 .text.HAL_PCD_Init
                0x08000e0c      0x21e ./Drivers/STM32F4xx_HAL_Driver/Src/stm32f4xx_hal_pcd.o
                0x08000e0c                HAL_PCD_Init
 .text.HAL_PCD_Start
                0x0800102a       0x6a ./Drivers/STM32F4xx_HAL_Driver/Src/stm32f4xx_hal_pcd.o
                0x0800102a                HAL_PCD_Start
 .text.HAL_PCD_IRQHandler
                0x08001094      0x942 ./Drivers/STM32F4xx_HAL_Driver/Src/stm32f4xx_hal_pcd.o
                0x08001094                HAL_PCD_IRQHandler
 .text.HAL_PCD_SetAddress
                0x080019d6       0x48 ./Drivers/STM32F4xx_HAL_Driver/Src/stm32f4xx_hal_pcd.o
                0x080019d6                HAL_PCD_SetAddress
 .text.HAL_PCD_EP_Open
                0x08001a1e       0xd4 ./Drivers/STM32F4xx_HAL_Driver/Src/stm32f4xx_hal_pcd.o
                0x08001a1e                HAL_PCD_EP_Open
 .text.HAL_PCD_EP_Close
                0x08001af2       0x94 ./Drivers/STM32F4xx_HAL_Driver/Src/stm32f4xx_hal_pcd.o
                0x08001af2                HAL_PCD_EP_Close
 .text.HAL_PCD_EP_Receive
                0x08001b86       0x76 ./Drivers/STM32F4xx_HAL_Driver/Src/stm32f4xx_hal_pcd.o
                0x08001b86                HAL_PCD_EP_Receive
 .text.HAL_PCD_EP_GetRxCount
                0x08001bfc       0x30 ./Drivers/STM32F4xx_HAL_Driver/Src/stm32f4xx_hal_pcd.o
                0x08001bfc                HAL_PCD_EP_GetRxCount
 .text.HAL_PCD_EP_Transmit
                0x08001c2c       0x74 ./Drivers/STM32F4xx_HAL_Driver/Src/stm32f4xx_hal_pcd.o
                0x08001c2c                HAL_PCD_EP_Transmit
 .text.HAL_PCD_EP_SetStall
                0x08001ca0       0xc6 ./Drivers/STM32F4xx_HAL_Driver/Src/stm32f4xx_hal_pcd.o
                0x08001ca0                HAL_PCD_EP_SetStall
 .text.HAL_PCD_EP_ClrStall
                0x08001d66       0xac ./Drivers/STM32F4xx_HAL_Driver/Src/stm32f4xx_hal_pcd.o
                0x08001d66                HAL_PCD_EP_ClrStall
 .text.HAL_PCD_EP_Abort
                0x08001e12       0x62 ./Drivers/STM32F4xx_HAL_Driver/Src/stm32f4xx_hal_pcd.o
                0x08001e12                HAL_PCD_EP_Abort
 .text.PCD_WriteEmptyTxFifo
                0x08001e74      0x118 ./Drivers/STM32F4xx_HAL_Driver/Src/stm32f4xx_hal_pcd.o
 .text.PCD_EP_OutXfrComplete_int
                0x08001f8c      0x1d0 ./Drivers/STM32F4xx_HAL_Driver/Src/stm32f4xx_hal_pcd.o
 .text.PCD_EP_OutSetupPacket_int
                0x0800215c       0x8c ./Drivers/STM32F4xx_HAL_Driver/Src/stm32f4xx_hal_pcd.o
 .text.HAL_PCDEx_SetTxFiFo
                0x080021e8       0x8e ./Drivers/STM32F4xx_HAL_Driver/Src/stm32f4xx_hal_pcd_ex.o
                0x080021e8                HAL_PCDEx_SetTxFiFo
 .text.HAL_PCDEx_SetRxFiFo
                0x08002276       0x22 ./Drivers/STM32F4xx_HAL_Driver/Src/stm32f4xx_hal_pcd_ex.o
                0x08002276                HAL_PCDEx_SetRxFiFo
 .text.HAL_PCDEx_LPM_Callback
                0x08002298       0x18 ./Drivers/STM32F4xx_HAL_Driver/Src/stm32f4xx_hal_pcd_ex.o
                0x08002298                HAL_PCDEx_LPM_Callback
 .text.HAL_RCC_OscConfig
                0x080022b0      0x4f0 ./Drivers/STM32F4xx_HAL_Driver/Src/stm32f4xx_hal_rcc.o
                0x080022b0                HAL_RCC_OscConfig
 .text.HAL_RCC_ClockConfig
                0x080027a0      0x1cc ./Drivers/STM32F4xx_HAL_Driver/Src/stm32f4xx_hal_rcc.o
                0x080027a0                HAL_RCC_ClockConfig
 .text.HAL_RCC_GetSysClockFreq
                0x0800296c      0x20c ./Drivers/STM32F4xx_HAL_Driver/Src/stm32f4xx_hal_rcc.o
                0x0800296c                HAL_RCC_GetSysClockFreq
 .text.HAL_RCC_GetHCLKFreq
                0x08002b78       0x18 ./Drivers/STM32F4xx_HAL_Driver/Src/stm32f4xx_hal_rcc.o
                0x08002b78                HAL_RCC_GetHCLKFreq
 .text.USB_CoreInit
                0x08002b90       0xc8 ./Drivers/STM32F4xx_HAL_Driver/Src/stm32f4xx_ll_usb.o
                0x08002b90                USB_CoreInit
 .text.USB_SetTurnaroundTime
                0x08002c58      0x144 ./Drivers/STM32F4xx_HAL_Driver/Src/stm32f4xx_ll_usb.o
                0x08002c58                USB_SetTurnaroundTime
 .text.USB_EnableGlobalInt
                0x08002d9c       0x22 ./Drivers/STM32F4xx_HAL_Driver/Src/stm32f4xx_ll_usb.o
                0x08002d9c                USB_EnableGlobalInt
 .text.USB_DisableGlobalInt
                0x08002dbe       0x22 ./Drivers/STM32F4xx_HAL_Driver/Src/stm32f4xx_ll_usb.o
                0x08002dbe                USB_DisableGlobalInt
 .text.USB_SetCurrentMode
                0x08002de0       0x98 ./Drivers/STM32F4xx_HAL_Driver/Src/stm32f4xx_ll_usb.o
                0x08002de0                USB_SetCurrentMode
 .text.USB_DevInit
                0x08002e78      0x2c8 ./Drivers/STM32F4xx_HAL_Driver/Src/stm32f4xx_ll_usb.o
                0x08002e78                USB_DevInit
 .text.USB_FlushTxFifo
                0x08003140       0x64 ./Drivers/STM32F4xx_HAL_Driver/Src/stm32f4xx_ll_usb.o
                0x08003140                USB_FlushTxFifo
 .text.USB_FlushRxFifo
                0x080031a4       0x5c ./Drivers/STM32F4xx_HAL_Driver/Src/stm32f4xx_ll_usb.o
                0x080031a4                USB_FlushRxFifo
 .text.USB_SetDevSpeed
                0x08003200       0x32 ./Drivers/STM32F4xx_HAL_Driver/Src/stm32f4xx_ll_usb.o
                0x08003200                USB_SetDevSpeed
 .text.USB_GetDevSpeed
                0x08003232       0x4a ./Drivers/STM32F4xx_HAL_Driver/Src/stm32f4xx_ll_usb.o
                0x08003232                USB_GetDevSpeed
 .text.USB_ActivateEndpoint
                0x0800327c      0x10e ./Drivers/STM32F4xx_HAL_Driver/Src/stm32f4xx_ll_usb.o
                0x0800327c                USB_ActivateEndpoint
 *fill*         0x0800338a        0x2 
 .text.USB_DeactivateEndpoint
                0x0800338c      0x1b8 ./Drivers/STM32F4xx_HAL_Driver/Src/stm32f4xx_ll_usb.o
                0x0800338c                USB_DeactivateEndpoint
 .text.USB_EPStartXfer
                0x08003544      0x53c ./Drivers/STM32F4xx_HAL_Driver/Src/stm32f4xx_ll_usb.o
                0x08003544                USB_EPStartXfer
 .text.USB_EPStopXfer
                0x08003a80      0x154 ./Drivers/STM32F4xx_HAL_Driver/Src/stm32f4xx_ll_usb.o
                0x08003a80                USB_EPStopXfer
 .text.USB_WritePacket
                0x08003bd4       0x7c ./Drivers/STM32F4xx_HAL_Driver/Src/stm32f4xx_ll_usb.o
                0x08003bd4                USB_WritePacket
 .text.USB_ReadPacket
                0x08003c50       0xb0 ./Drivers/STM32F4xx_HAL_Driver/Src/stm32f4xx_ll_usb.o
                0x08003c50                USB_ReadPacket
 .text.USB_EPSetStall
                0x08003d00       0xdc ./Drivers/STM32F4xx_HAL_Driver/Src/stm32f4xx_ll_usb.o
                0x08003d00                USB_EPSetStall
 .text.USB_EPClearStall
                0x08003ddc       0xcc ./Drivers/STM32F4xx_HAL_Driver/Src/stm32f4xx_ll_usb.o
                0x08003ddc                USB_EPClearStall
 .text.USB_SetDevAddress
                0x08003ea8       0x4c ./Drivers/STM32F4xx_HAL_Driver/Src/stm32f4xx_ll_usb.o
                0x08003ea8                USB_SetDevAddress
 .text.USB_DevConnect
                0x08003ef4       0x42 ./Drivers/STM32F4xx_HAL_Driver/Src/stm32f4xx_ll_usb.o
                0x08003ef4                USB_DevConnect
 .text.USB_DevDisconnect
                0x08003f36       0x42 ./Drivers/STM32F4xx_HAL_Driver/Src/stm32f4xx_ll_usb.o
                0x08003f36                USB_DevDisconnect
 .text.USB_ReadInterrupts
                0x08003f78       0x26 ./Drivers/STM32F4xx_HAL_Driver/Src/stm32f4xx_ll_usb.o
                0x08003f78                USB_ReadInterrupts
 .text.USB_ReadDevAllOutEpInterrupt
                0x08003f9e       0x34 ./Drivers/STM32F4xx_HAL_Driver/Src/stm32f4xx_ll_usb.o
                0x08003f9e                USB_ReadDevAllOutEpInterrupt
 .text.USB_ReadDevAllInEpInterrupt
                0x08003fd2       0x34 ./Drivers/STM32F4xx_HAL_Driver/Src/stm32f4xx_ll_usb.o
                0x08003fd2                USB_ReadDevAllInEpInterrupt
 .text.USB_ReadDevOutEPInterrupt
                0x08004006       0x3c ./Drivers/STM32F4xx_HAL_Driver/Src/stm32f4xx_ll_usb.o
                0x08004006                USB_ReadDevOutEPInterrupt
 .text.USB_ReadDevInEPInterrupt
                0x08004042       0x5c ./Drivers/STM32F4xx_HAL_Driver/Src/stm32f4xx_ll_usb.o
                0x08004042                USB_ReadDevInEPInterrupt
 .text.USB_GetMode
                0x0800409e       0x1c ./Drivers/STM32F4xx_HAL_Driver/Src/stm32f4xx_ll_usb.o
                0x0800409e                USB_GetMode
 .text.USB_ActivateSetup
                0x080040ba       0x46 ./Drivers/STM32F4xx_HAL_Driver/Src/stm32f4xx_ll_usb.o
                0x080040ba                USB_ActivateSetup
 .text.USB_EP0_OutStart
                0x08004100       0xbc ./Drivers/STM32F4xx_HAL_Driver/Src/stm32f4xx_ll_usb.o
                0x08004100                USB_EP0_OutStart
 .text.USB_CoreReset
                0x080041bc       0x70 ./Drivers/STM32F4xx_HAL_Driver/Src/stm32f4xx_ll_usb.o
 .text.USBD_CDC_Init
                0x0800422c      0x1f0 ./Middlewares/ST/STM32_USB_Device_Library/Class/CDC/Src/usbd_cdc.o
 .text.USBD_CDC_DeInit
                0x0800441c      0x104 ./Middlewares/ST/STM32_USB_Device_Library/Class/CDC/Src/usbd_cdc.o
 .text.USBD_CDC_Setup
                0x08004520      0x1b8 ./Middlewares/ST/STM32_USB_Device_Library/Class/CDC/Src/usbd_cdc.o
 .text.USBD_CDC_DataIn
                0x080046d8       0xfe ./Middlewares/ST/STM32_USB_Device_Library/Class/CDC/Src/usbd_cdc.o
 .text.USBD_CDC_DataOut
                0x080047d6       0x70 ./Middlewares/ST/STM32_USB_Device_Library/Class/CDC/Src/usbd_cdc.o
 .text.USBD_CDC_EP0_RxReady
                0x08004846       0x74 ./Middlewares/ST/STM32_USB_Device_Library/Class/CDC/Src/usbd_cdc.o
 *fill*         0x080048ba        0x2 
 .text.USBD_CDC_GetFSCfgDesc
                0x080048bc       0x70 ./Middlewares/ST/STM32_USB_Device_Library/Class/CDC/Src/usbd_cdc.o
 .text.USBD_CDC_GetHSCfgDesc
                0x0800492c       0x70 ./Middlewares/ST/STM32_USB_Device_Library/Class/CDC/Src/usbd_cdc.o
 .text.USBD_CDC_GetOtherSpeedCfgDesc
                0x0800499c       0x70 ./Middlewares/ST/STM32_USB_Device_Library/Class/CDC/Src/usbd_cdc.o
 .text.USBD_CDC_GetDeviceQualifierDescriptor
                0x08004a0c       0x20 ./Middlewares/ST/STM32_USB_Device_Library/Class/CDC/Src/usbd_cdc.o
                0x08004a0c                USBD_CDC_GetDeviceQualifierDescriptor
 .text.USBD_CDC_RegisterInterface
                0x08004a2c       0x34 ./Middlewares/ST/STM32_USB_Device_Library/Class/CDC/Src/usbd_cdc.o
                0x08004a2c                USBD_CDC_RegisterInterface
 .text.USBD_CDC_SetTxBuffer
                0x08004a60       0x44 ./Middlewares/ST/STM32_USB_Device_Library/Class/CDC/Src/usbd_cdc.o
                0x08004a60                USBD_CDC_SetTxBuffer
 .text.USBD_CDC_SetRxBuffer
                0x08004aa4       0x3a ./Middlewares/ST/STM32_USB_Device_Library/Class/CDC/Src/usbd_cdc.o
                0x08004aa4                USBD_CDC_SetRxBuffer
 *fill*         0x08004ade        0x2 
 .text.USBD_CDC_TransmitPacket
                0x08004ae0       0x80 ./Middlewares/ST/STM32_USB_Device_Library/Class/CDC/Src/usbd_cdc.o
                0x08004ae0                USBD_CDC_TransmitPacket
 .text.USBD_CDC_ReceivePacket
                0x08004b60       0x6c ./Middlewares/ST/STM32_USB_Device_Library/Class/CDC/Src/usbd_cdc.o
                0x08004b60                USBD_CDC_ReceivePacket
 .text.USBD_Init
                0x08004bcc       0x60 ./Middlewares/ST/STM32_USB_Device_Library/Core/Src/usbd_core.o
                0x08004bcc                USBD_Init
 .text.USBD_RegisterClass
                0x08004c2c       0x6c ./Middlewares/ST/STM32_USB_Device_Library/Core/Src/usbd_core.o
                0x08004c2c                USBD_RegisterClass
 .text.USBD_Start
                0x08004c98       0x18 ./Middlewares/ST/STM32_USB_Device_Library/Core/Src/usbd_core.o
                0x08004c98                USBD_Start
 .text.USBD_RunTestMode
                0x08004cb0       0x16 ./Middlewares/ST/STM32_USB_Device_Library/Core/Src/usbd_core.o
                0x08004cb0                USBD_RunTestMode
 .text.USBD_SetClassConfig
                0x08004cc6       0x38 ./Middlewares/ST/STM32_USB_Device_Library/Core/Src/usbd_core.o
                0x08004cc6                USBD_SetClassConfig
 .text.USBD_ClrClassConfig
                0x08004cfe       0x34 ./Middlewares/ST/STM32_USB_Device_Library/Core/Src/usbd_core.o
                0x08004cfe                USBD_ClrClassConfig
 .text.USBD_LL_SetupStage
                0x08004d32       0xaa ./Middlewares/ST/STM32_USB_Device_Library/Core/Src/usbd_core.o
                0x08004d32                USBD_LL_SetupStage
 .text.USBD_LL_DataOutStage
                0x08004ddc      0x178 ./Middlewares/ST/STM32_USB_Device_Library/Core/Src/usbd_core.o
                0x08004ddc                USBD_LL_DataOutStage
 .text.USBD_LL_DataInStage
                0x08004f54      0x176 ./Middlewares/ST/STM32_USB_Device_Library/Core/Src/usbd_core.o
                0x08004f54                USBD_LL_DataInStage
 .text.USBD_LL_Reset
                0x080050ca       0xa6 ./Middlewares/ST/STM32_USB_Device_Library/Core/Src/usbd_core.o
                0x080050ca                USBD_LL_Reset
 .text.USBD_LL_SetSpeed
                0x08005170       0x20 ./Middlewares/ST/STM32_USB_Device_Library/Core/Src/usbd_core.o
                0x08005170                USBD_LL_SetSpeed
 .text.USBD_LL_Suspend
                0x08005190       0x38 ./Middlewares/ST/STM32_USB_Device_Library/Core/Src/usbd_core.o
                0x08005190                USBD_LL_Suspend
 .text.USBD_LL_Resume
                0x080051c8       0x30 ./Middlewares/ST/STM32_USB_Device_Library/Core/Src/usbd_core.o
                0x080051c8                USBD_LL_Resume
 .text.USBD_LL_SOF
                0x080051f8       0x40 ./Middlewares/ST/STM32_USB_Device_Library/Core/Src/usbd_core.o
                0x080051f8                USBD_LL_SOF
 .text.USBD_LL_IsoINIncomplete
                0x08005238       0x64 ./Middlewares/ST/STM32_USB_Device_Library/Core/Src/usbd_core.o
                0x08005238                USBD_LL_IsoINIncomplete
 .text.USBD_LL_IsoOUTIncomplete
                0x0800529c       0x64 ./Middlewares/ST/STM32_USB_Device_Library/Core/Src/usbd_core.o
                0x0800529c                USBD_LL_IsoOUTIncomplete
 .text.USBD_LL_DevConnected
                0x08005300       0x16 ./Middlewares/ST/STM32_USB_Device_Library/Core/Src/usbd_core.o
                0x08005300                USBD_LL_DevConnected
 .text.USBD_LL_DevDisconnected
                0x08005316       0x46 ./Middlewares/ST/STM32_USB_Device_Library/Core/Src/usbd_core.o
                0x08005316                USBD_LL_DevDisconnected
 .text.USBD_CoreFindIF
                0x0800535c       0x1a ./Middlewares/ST/STM32_USB_Device_Library/Core/Src/usbd_core.o
                0x0800535c                USBD_CoreFindIF
 .text.USBD_CoreFindEP
                0x08005376       0x1a ./Middlewares/ST/STM32_USB_Device_Library/Core/Src/usbd_core.o
                0x08005376                USBD_CoreFindEP
 .text.USBD_GetEpDesc
                0x08005390       0x70 ./Middlewares/ST/STM32_USB_Device_Library/Core/Src/usbd_core.o
                0x08005390                USBD_GetEpDesc
 .text.USBD_GetNextDesc
                0x08005400       0x38 ./Middlewares/ST/STM32_USB_Device_Library/Core/Src/usbd_core.o
                0x08005400                USBD_GetNextDesc
 .text.SWAPBYTE
                0x08005438       0x3e ./Middlewares/ST/STM32_USB_Device_Library/Core/Src/usbd_ctlreq.o
 *fill*         0x08005476        0x2 
 .text.USBD_StdDevReq
                0x08005478       0xe4 ./Middlewares/ST/STM32_USB_Device_Library/Core/Src/usbd_ctlreq.o
                0x08005478                USBD_StdDevReq
 .text.USBD_StdItfReq
                0x0800555c       0xd8 ./Middlewares/ST/STM32_USB_Device_Library/Core/Src/usbd_ctlreq.o
                0x0800555c                USBD_StdItfReq
 .text.USBD_StdEPReq
                0x08005634      0x33e ./Middlewares/ST/STM32_USB_Device_Library/Core/Src/usbd_ctlreq.o
                0x08005634                USBD_StdEPReq
 *fill*         0x08005972        0x2 
 .text.USBD_GetDescriptor
                0x08005974      0x2d4 ./Middlewares/ST/STM32_USB_Device_Library/Core/Src/usbd_ctlreq.o
 .text.USBD_SetAddress
                0x08005c48       0x88 ./Middlewares/ST/STM32_USB_Device_Library/Core/Src/usbd_ctlreq.o
 .text.USBD_SetConfig
                0x08005cd0      0x154 ./Middlewares/ST/STM32_USB_Device_Library/Core/Src/usbd_ctlreq.o
 .text.USBD_GetConfig
                0x08005e24       0x6c ./Middlewares/ST/STM32_USB_Device_Library/Core/Src/usbd_ctlreq.o
 .text.USBD_GetStatus
                0x08005e90       0x68 ./Middlewares/ST/STM32_USB_Device_Library/Core/Src/usbd_ctlreq.o
 .text.USBD_SetFeature
                0x08005ef8       0x52 ./Middlewares/ST/STM32_USB_Device_Library/Core/Src/usbd_ctlreq.o
 .text.USBD_ClrFeature
                0x08005f4a       0x44 ./Middlewares/ST/STM32_USB_Device_Library/Core/Src/usbd_ctlreq.o
 .text.USBD_ParseSetupRequest
                0x08005f8e       0x74 ./Middlewares/ST/STM32_USB_Device_Library/Core/Src/usbd_ctlreq.o
                0x08005f8e                USBD_ParseSetupRequest
 .text.USBD_CtlError
                0x08006002       0x22 ./Middlewares/ST/STM32_USB_Device_Library/Core/Src/usbd_ctlreq.o
                0x08006002                USBD_CtlError
 .text.USBD_GetString
                0x08006024       0xa4 ./Middlewares/ST/STM32_USB_Device_Library/Core/Src/usbd_ctlreq.o
                0x08006024                USBD_GetString
 .text.USBD_GetLen
                0x080060c8       0x34 ./Middlewares/ST/STM32_USB_Device_Library/Core/Src/usbd_ctlreq.o
 .text.USBD_CtlSendData
                0x080060fc       0x3c ./Middlewares/ST/STM32_USB_Device_Library/Core/Src/usbd_ioreq.o
                0x080060fc                USBD_CtlSendData
 .text.USBD_CtlContinueSendData
                0x08006138       0x22 ./Middlewares/ST/STM32_USB_Device_Library/Core/Src/usbd_ioreq.o
                0x08006138                USBD_CtlContinueSendData
 .text.USBD_CtlPrepareRx
                0x0800615a       0x42 ./Middlewares/ST/STM32_USB_Device_Library/Core/Src/usbd_ioreq.o
                0x0800615a                USBD_CtlPrepareRx
 .text.USBD_CtlContinueRx
                0x0800619c       0x22 ./Middlewares/ST/STM32_USB_Device_Library/Core/Src/usbd_ioreq.o
                0x0800619c                USBD_CtlContinueRx
 .text.USBD_CtlSendStatus
                0x080061be       0x26 ./Middlewares/ST/STM32_USB_Device_Library/Core/Src/usbd_ioreq.o
                0x080061be                USBD_CtlSendStatus
 .text.USBD_CtlReceiveStatus
                0x080061e4       0x26 ./Middlewares/ST/STM32_USB_Device_Library/Core/Src/usbd_ioreq.o
                0x080061e4                USBD_CtlReceiveStatus
 *fill*         0x0800620a        0x2 
 .text.MX_USB_DEVICE_Init
                0x0800620c       0x60 ./USB_DEVICE/App/usb_device.o
                0x0800620c                MX_USB_DEVICE_Init
 .text.CDC_Init_FS
                0x0800626c       0x28 ./USB_DEVICE/App/usbd_cdc_if.o
 .text.CDC_DeInit_FS
                0x08006294       0x10 ./USB_DEVICE/App/usbd_cdc_if.o
 .text.CDC_Control_FS
                0x080062a4       0xbc ./USB_DEVICE/App/usbd_cdc_if.o
 .text.CDC_Receive_FS
                0x08006360       0x28 ./USB_DEVICE/App/usbd_cdc_if.o
 .text.CDC_Transmit_FS
                0x08006388       0x4c ./USB_DEVICE/App/usbd_cdc_if.o
                0x08006388                CDC_Transmit_FS
 .text.CDC_TransmitCplt_FS
                0x080063d4       0x22 ./USB_DEVICE/App/usbd_cdc_if.o
 *fill*         0x080063f6        0x2 
 .text.USBD_FS_DeviceDescriptor
                0x080063f8       0x24 ./USB_DEVICE/App/usbd_desc.o
                0x080063f8                USBD_FS_DeviceDescriptor
 .text.USBD_FS_LangIDStrDescriptor
                0x0800641c       0x24 ./USB_DEVICE/App/usbd_desc.o
                0x0800641c                USBD_FS_LangIDStrDescriptor
 .text.USBD_FS_ProductStrDescriptor
                0x08006440       0x3c ./USB_DEVICE/App/usbd_desc.o
                0x08006440                USBD_FS_ProductStrDescriptor
 .text.USBD_FS_ManufacturerStrDescriptor
                0x0800647c       0x28 ./USB_DEVICE/App/usbd_desc.o
                0x0800647c                USBD_FS_ManufacturerStrDescriptor
 .text.USBD_FS_SerialStrDescriptor
                0x080064a4       0x24 ./USB_DEVICE/App/usbd_desc.o
                0x080064a4                USBD_FS_SerialStrDescriptor
 .text.USBD_FS_ConfigStrDescriptor
                0x080064c8       0x3c ./USB_DEVICE/App/usbd_desc.o
                0x080064c8                USBD_FS_ConfigStrDescriptor
 .text.USBD_FS_InterfaceStrDescriptor
                0x08006504       0x3c ./USB_DEVICE/App/usbd_desc.o
                0x08006504                USBD_FS_InterfaceStrDescriptor
 .text.Get_SerialNum
                0x08006540       0x58 ./USB_DEVICE/App/usbd_desc.o
 .text.IntToUnicode
                0x08006598       0x7e ./USB_DEVICE/App/usbd_desc.o
 *fill*         0x08006616        0x2 
 .text.HAL_PCD_MspInit
                0x08006618       0xa8 ./USB_DEVICE/Target/usbd_conf.o
                0x08006618                HAL_PCD_MspInit
 .text.HAL_PCD_SetupStageCallback
                0x080066c0       0x24 ./USB_DEVICE/Target/usbd_conf.o
                0x080066c0                HAL_PCD_SetupStageCallback
 .text.HAL_PCD_DataOutStageCallback
                0x080066e4       0x36 ./USB_DEVICE/Target/usbd_conf.o
                0x080066e4                HAL_PCD_DataOutStageCallback
 .text.HAL_PCD_DataInStageCallback
                0x0800671a       0x34 ./USB_DEVICE/Target/usbd_conf.o
                0x0800671a                HAL_PCD_DataInStageCallback
 .text.HAL_PCD_SOFCallback
                0x0800674e       0x1c ./USB_DEVICE/Target/usbd_conf.o
                0x0800674e                HAL_PCD_SOFCallback
 .text.HAL_PCD_ResetCallback
                0x0800676a       0x3c ./USB_DEVICE/Target/usbd_conf.o
                0x0800676a                HAL_PCD_ResetCallback
 *fill*         0x080067a6        0x2 
 .text.HAL_PCD_SuspendCallback
                0x080067a8       0x4c ./USB_DEVICE/Target/usbd_conf.o
                0x080067a8                HAL_PCD_SuspendCallback
 .text.HAL_PCD_ResumeCallback
                0x080067f4       0x1c ./USB_DEVICE/Target/usbd_conf.o
                0x080067f4                HAL_PCD_ResumeCallback
 .text.HAL_PCD_ISOOUTIncompleteCallback
                0x08006810       0x24 ./USB_DEVICE/Target/usbd_conf.o
                0x08006810                HAL_PCD_ISOOUTIncompleteCallback
 .text.HAL_PCD_ISOINIncompleteCallback
                0x08006834       0x24 ./USB_DEVICE/Target/usbd_conf.o
                0x08006834                HAL_PCD_ISOINIncompleteCallback
 .text.HAL_PCD_ConnectCallback
                0x08006858       0x1c ./USB_DEVICE/Target/usbd_conf.o
                0x08006858                HAL_PCD_ConnectCallback
 .text.HAL_PCD_DisconnectCallback
                0x08006874       0x1c ./USB_DEVICE/Target/usbd_conf.o
                0x08006874                HAL_PCD_DisconnectCallback
 .text.USBD_LL_Init
                0x08006890       0x98 ./USB_DEVICE/Target/usbd_conf.o
                0x08006890                USBD_LL_Init
 .text.USBD_LL_Start
                0x08006928       0x36 ./USB_DEVICE/Target/usbd_conf.o
                0x08006928                USBD_LL_Start
 .text.USBD_LL_OpenEP
                0x0800695e       0x4c ./USB_DEVICE/Target/usbd_conf.o
                0x0800695e                USBD_LL_OpenEP
 .text.USBD_LL_CloseEP
                0x080069aa       0x3e ./USB_DEVICE/Target/usbd_conf.o
                0x080069aa                USBD_LL_CloseEP
 .text.USBD_LL_StallEP
                0x080069e8       0x3e ./USB_DEVICE/Target/usbd_conf.o
                0x080069e8                USBD_LL_StallEP
 .text.USBD_LL_ClearStallEP
                0x08006a26       0x3e ./USB_DEVICE/Target/usbd_conf.o
                0x08006a26                USBD_LL_ClearStallEP
 .text.USBD_LL_IsStallEP
                0x08006a64       0x58 ./USB_DEVICE/Target/usbd_conf.o
                0x08006a64                USBD_LL_IsStallEP
 .text.USBD_LL_SetUSBAddress
                0x08006abc       0x3e ./USB_DEVICE/Target/usbd_conf.o
                0x08006abc                USBD_LL_SetUSBAddress
 .text.USBD_LL_Transmit
                0x08006afa       0x42 ./USB_DEVICE/Target/usbd_conf.o
                0x08006afa                USBD_LL_Transmit
 .text.USBD_LL_PrepareReceive
                0x08006b3c       0x42 ./USB_DEVICE/Target/usbd_conf.o
                0x08006b3c                USBD_LL_PrepareReceive
 .text.USBD_LL_GetRxDataSize
                0x08006b7e       0x26 ./USB_DEVICE/Target/usbd_conf.o
                0x08006b7e                USBD_LL_GetRxDataSize
 .text.USBD_static_malloc
                0x08006ba4       0x1c ./USB_DEVICE/Target/usbd_conf.o
                0x08006ba4                USBD_static_malloc
 .text.USBD_static_free
                0x08006bc0       0x14 ./USB_DEVICE/Target/usbd_conf.o
                0x08006bc0                USBD_static_free
 .text.USBD_Get_USB_Status
                0x08006bd4       0x58 ./USB_DEVICE/Target/usbd_conf.o
                0x08006bd4                USBD_Get_USB_Status
 .text.memset   0x08006c2c       0x10 /Applications/STM32CubeIDE.app/Contents/Eclipse/plugins/com.st.stm32cube.ide.mcu.externaltools.gnu-tools-for-stm32.13.3.rel1.macos64_1.0.0.202411102158/tools/bin/../lib/gcc/arm-none-eabi/13.3.1/../../../../arm-none-eabi/lib/thumb/v7e-m+fp/hard/libc_nano.a(libc_a-memset.o)
                0x08006c2c                memset
 .text.__libc_init_array
                0x08006c3c       0x48 /Applications/STM32CubeIDE.app/Contents/Eclipse/plugins/com.st.stm32cube.ide.mcu.externaltools.gnu-tools-for-stm32.13.3.rel1.macos64_1.0.0.202411102158/tools/bin/../lib/gcc/arm-none-eabi/13.3.1/../../../../arm-none-eabi/lib/thumb/v7e-m+fp/hard/libc_nano.a(libc_a-init.o)
                0x08006c3c                __libc_init_array
 *(.glue_7)
 .glue_7        0x08006c84        0x0 linker stubs
 *(.glue_7t)
 .glue_7t       0x08006c84        0x0 linker stubs
 *(.eh_frame)
 .eh_frame      0x08006c84        0x0 /Applications/STM32CubeIDE.app/Contents/Eclipse/plugins/com.st.stm32cube.ide.mcu.externaltools.gnu-tools-for-stm32.13.3.rel1.macos64_1.0.0.202411102158/tools/bin/../lib/gcc/arm-none-eabi/13.3.1/thumb/v7e-m+fp/hard/crtbegin.o
 *(.init)
 .init          0x08006c84        0x4 /Applications/STM32CubeIDE.app/Contents/Eclipse/plugins/com.st.stm32cube.ide.mcu.externaltools.gnu-tools-for-stm32.13.3.rel1.macos64_1.0.0.202411102158/tools/bin/../lib/gcc/arm-none-eabi/13.3.1/thumb/v7e-m+fp/hard/crti.o
                0x08006c84                _init
 .init          0x08006c88        0x8 /Applications/STM32CubeIDE.app/Contents/Eclipse/plugins/com.st.stm32cube.ide.mcu.externaltools.gnu-tools-for-stm32.13.3.rel1.macos64_1.0.0.202411102158/tools/bin/../lib/gcc/arm-none-eabi/13.3.1/thumb/v7e-m+fp/hard/crtn.o
 *(.fini)
 .fini          0x08006c90        0x4 /Applications/STM32CubeIDE.app/Contents/Eclipse/plugins/com.st.stm32cube.ide.mcu.externaltools.gnu-tools-for-stm32.13.3.rel1.macos64_1.0.0.202411102158/tools/bin/../lib/gcc/arm-none-eabi/13.3.1/thumb/v7e-m+fp/hard/crti.o
                0x08006c90                _fini
 .fini          0x08006c94        0x8 /Applications/STM32CubeIDE.app/Contents/Eclipse/plugins/com.st.stm32cube.ide.mcu.externaltools.gnu-tools-for-stm32.13.3.rel1.macos64_1.0.0.202411102158/tools/bin/../lib/gcc/arm-none-eabi/13.3.1/thumb/v7e-m+fp/hard/crtn.o
                0x08006c9c                        . = ALIGN (0x4)
                0x08006c9c                        _etext = .

.vfp11_veneer   0x08006c9c        0x0
 .vfp11_veneer  0x08006c9c        0x0 linker stubs

.v4_bx          0x08006c9c        0x0
 .v4_bx         0x08006c9c        0x0 linker stubs

.iplt           0x08006c9c        0x0
 .iplt          0x08006c9c        0x0 /Applications/STM32CubeIDE.app/Contents/Eclipse/plugins/com.st.stm32cube.ide.mcu.externaltools.gnu-tools-for-stm32.13.3.rel1.macos64_1.0.0.202411102158/tools/bin/../lib/gcc/arm-none-eabi/13.3.1/thumb/v7e-m+fp/hard/crtbegin.o

.rodata         0x08006c9c       0x58
                0x08006c9c                        . = ALIGN (0x4)
 *(.rodata)
 .rodata        0x08006c9c       0x46 ./USB_DEVICE/App/usbd_desc.o
 *(.rodata*)
 *fill*         0x08006ce2        0x2 
 .rodata.AHBPrescTable
                0x08006ce4       0x10 ./Core/Src/system_stm32f4xx.o
                0x08006ce4                AHBPrescTable
                0x08006cf4                        . = ALIGN (0x4)

.ARM.extab      0x08006cf4        0x0
                0x08006cf4                        . = ALIGN (0x4)
 *(.ARM.extab* .gnu.linkonce.armextab.*)
                0x08006cf4                        . = ALIGN (0x4)

.ARM            0x08006cf4        0x8
                0x08006cf4                        . = ALIGN (0x4)
                0x08006cf4                        __exidx_start = .
 *(.ARM.exidx*)
 .ARM.exidx     0x08006cf4        0x8 /Applications/STM32CubeIDE.app/Contents/Eclipse/plugins/com.st.stm32cube.ide.mcu.externaltools.gnu-tools-for-stm32.13.3.rel1.macos64_1.0.0.202411102158/tools/bin/../lib/gcc/arm-none-eabi/13.3.1/../../../../arm-none-eabi/lib/thumb/v7e-m+fp/hard/libc_nano.a(libc_a-strlen.o)
 .ARM.exidx     0x08006cfc        0x0 /Applications/STM32CubeIDE.app/Contents/Eclipse/plugins/com.st.stm32cube.ide.mcu.externaltools.gnu-tools-for-stm32.13.3.rel1.macos64_1.0.0.202411102158/tools/bin/../lib/gcc/arm-none-eabi/13.3.1/thumb/v7e-m+fp/hard/libgcc.a(_udivmoddi4.o)
                                  0x8 (size before relaxing)
                0x08006cfc                        __exidx_end = .
                0x08006cfc                        . = ALIGN (0x4)

.preinit_array  0x08006cfc        0x0
                0x08006cfc                        . = ALIGN (0x4)
                0x08006cfc                        PROVIDE (__preinit_array_start = .)
 *(.preinit_array*)
                0x08006cfc                        PROVIDE (__preinit_array_end = .)
                0x08006cfc                        . = ALIGN (0x4)

.init_array     0x08006cfc        0x4
                0x08006cfc                        . = ALIGN (0x4)
                0x08006cfc                        PROVIDE (__init_array_start = .)
 *(SORT_BY_NAME(.init_array.*))
 *(.init_array*)
 .init_array    0x08006cfc        0x4 /Applications/STM32CubeIDE.app/Contents/Eclipse/plugins/com.st.stm32cube.ide.mcu.externaltools.gnu-tools-for-stm32.13.3.rel1.macos64_1.0.0.202411102158/tools/bin/../lib/gcc/arm-none-eabi/13.3.1/thumb/v7e-m+fp/hard/crtbegin.o
                0x08006d00                        PROVIDE (__init_array_end = .)
                0x08006d00                        . = ALIGN (0x4)

.fini_array     0x08006d00        0x4
                0x08006d00                        . = ALIGN (0x4)
                [!provide]                        PROVIDE (__fini_array_start = .)
 *(SORT_BY_NAME(.fini_array.*))
 *(.fini_array*)
 .fini_array    0x08006d00        0x4 /Applications/STM32CubeIDE.app/Contents/Eclipse/plugins/com.st.stm32cube.ide.mcu.externaltools.gnu-tools-for-stm32.13.3.rel1.macos64_1.0.0.202411102158/tools/bin/../lib/gcc/arm-none-eabi/13.3.1/thumb/v7e-m+fp/hard/crtbegin.o
                [!provide]                        PROVIDE (__fini_array_end = .)
                0x08006d04                        . = ALIGN (0x4)
                0x08006d04                        _sidata = LOADADDR (.data)

.rel.dyn        0x08006d04        0x0
 .rel.iplt      0x08006d04        0x0 /Applications/STM32CubeIDE.app/Contents/Eclipse/plugins/com.st.stm32cube.ide.mcu.externaltools.gnu-tools-for-stm32.13.3.rel1.macos64_1.0.0.202411102158/tools/bin/../lib/gcc/arm-none-eabi/13.3.1/thumb/v7e-m+fp/hard/crtbegin.o

.data           0x20000000      0x130 load address 0x08006d04
                0x20000000                        . = ALIGN (0x4)
                0x20000000                        _sdata = .
 *(.data)
 *(.data*)
 .data.message  0x20000000       0x32 ./Core/Src/main.o
                0x20000000                message
 *fill*         0x20000032        0x2 
 .data.SystemCoreClock
                0x20000034        0x4 ./Core/Src/system_stm32f4xx.o
                0x20000034                SystemCoreClock
 .data.uwTickPrio
                0x20000038        0x4 ./Drivers/STM32F4xx_HAL_Driver/Src/stm32f4xx_hal.o
                0x20000038                uwTickPrio
 .data.uwTickFreq
                0x2000003c        0x1 ./Drivers/STM32F4xx_HAL_Driver/Src/stm32f4xx_hal.o
                0x2000003c                uwTickFreq
 *fill*         0x2000003d        0x3 
 .data.USBD_CDC_DeviceQualifierDesc
                0x20000040        0xa ./Middlewares/ST/STM32_USB_Device_Library/Class/CDC/Src/usbd_cdc.o
 *fill*         0x2000004a        0x2 
 .data.USBD_CDC
                0x2000004c       0x38 ./Middlewares/ST/STM32_USB_Device_Library/Class/CDC/Src/usbd_cdc.o
                0x2000004c                USBD_CDC
 .data.USBD_CDC_CfgDesc
                0x20000084       0x43 ./Middlewares/ST/STM32_USB_Device_Library/Class/CDC/Src/usbd_cdc.o
 .data.CDCInEpAdd
                0x200000c7        0x1 ./Middlewares/ST/STM32_USB_Device_Library/Class/CDC/Src/usbd_cdc.o
 .data.CDCOutEpAdd
                0x200000c8        0x1 ./Middlewares/ST/STM32_USB_Device_Library/Class/CDC/Src/usbd_cdc.o
 .data.CDCCmdEpAdd
                0x200000c9        0x1 ./Middlewares/ST/STM32_USB_Device_Library/Class/CDC/Src/usbd_cdc.o
 *fill*         0x200000ca        0x2 
 .data.USBD_Interface_fops_FS
                0x200000cc       0x14 ./USB_DEVICE/App/usbd_cdc_if.o
                0x200000cc                USBD_Interface_fops_FS
 .data.FS_Desc  0x200000e0       0x1c ./USB_DEVICE/App/usbd_desc.o
                0x200000e0                FS_Desc
 .data.USBD_FS_DeviceDesc
                0x200000fc       0x12 ./USB_DEVICE/App/usbd_desc.o
                0x200000fc                USBD_FS_DeviceDesc
 *fill*         0x2000010e        0x2 
 .data.USBD_LangIDDesc
                0x20000110        0x4 ./USB_DEVICE/App/usbd_desc.o
                0x20000110                USBD_LangIDDesc
 .data.USBD_StringSerial
                0x20000114       0x1a ./USB_DEVICE/App/usbd_desc.o
                0x20000114                USBD_StringSerial
 *(.RamFunc)
 *(.RamFunc*)
                0x20000130                        . = ALIGN (0x4)
 *fill*         0x2000012e        0x2 
                0x20000130                        _edata = .

.igot.plt       0x20000130        0x0 load address 0x08006e34
 .igot.plt      0x20000130        0x0 /Applications/STM32CubeIDE.app/Contents/Eclipse/plugins/com.st.stm32cube.ide.mcu.externaltools.gnu-tools-for-stm32.13.3.rel1.macos64_1.0.0.202411102158/tools/bin/../lib/gcc/arm-none-eabi/13.3.1/thumb/v7e-m+fp/hard/crtbegin.o
                0x20000130                        . = ALIGN (0x4)

.bss            0x20000130     0x1c04 load address 0x08006e34
                0x20000130                        _sbss = .
                0x20000130                        __bss_start__ = _sbss
 *(.bss)
 .bss           0x20000130       0x1c /Applications/STM32CubeIDE.app/Contents/Eclipse/plugins/com.st.stm32cube.ide.mcu.externaltools.gnu-tools-for-stm32.13.3.rel1.macos64_1.0.0.202411102158/tools/bin/../lib/gcc/arm-none-eabi/13.3.1/thumb/v7e-m+fp/hard/crtbegin.o
 *(.bss*)
 .bss.uwTick    0x2000014c        0x4 ./Drivers/STM32F4xx_HAL_Driver/Src/stm32f4xx_hal.o
                0x2000014c                uwTick
 .bss.cfgidx.0  0x20000150        0x1 ./Middlewares/ST/STM32_USB_Device_Library/Core/Src/usbd_ctlreq.o
 *fill*         0x20000151        0x3 
 .bss.hUsbDeviceFS
                0x20000154      0x2dc ./USB_DEVICE/App/usb_device.o
                0x20000154                hUsbDeviceFS
 .bss.UserRxBufferFS
                0x20000430      0x800 ./USB_DEVICE/App/usbd_cdc_if.o
                0x20000430                UserRxBufferFS
 .bss.UserTxBufferFS
                0x20000c30      0x800 ./USB_DEVICE/App/usbd_cdc_if.o
                0x20000c30                UserTxBufferFS
 .bss.USBD_StrDesc
                0x20001430      0x200 ./USB_DEVICE/App/usbd_desc.o
                0x20001430                USBD_StrDesc
 .bss.hpcd_USB_OTG_FS
                0x20001630      0x4e4 ./USB_DEVICE/Target/usbd_conf.o
                0x20001630                hpcd_USB_OTG_FS
 .bss.mem.0     0x20001b14      0x220 ./USB_DEVICE/Target/usbd_conf.o
 *(COMMON)
                0x20001d34                        . = ALIGN (0x4)
                0x20001d34                        _ebss = .
                0x20001d34                        __bss_end__ = _ebss

._user_heap_stack
                0x20001d34      0x604 load address 0x08006e34
                0x20001d38                        . = ALIGN (0x8)
 *fill*         0x20001d34        0x4 
                [!provide]                        PROVIDE (end = .)
                0x20001d38                        PROVIDE (_end = .)
                0x20001f38                        . = (. + _Min_Heap_Size)
 *fill*         0x20001d38      0x200 
                0x20002338                        . = (. + _Min_Stack_Size)
 *fill*         0x20001f38      0x400 
                0x20002338                        . = ALIGN (0x8)

/DISCARD/
 libc.a(*)
 libm.a(*)
 libgcc.a(*)

.ARM.attributes
                0x00000000       0x30
 *(.ARM.attributes)
 .ARM.attributes
                0x00000000       0x22 /Applications/STM32CubeIDE.app/Contents/Eclipse/plugins/com.st.stm32cube.ide.mcu.externaltools.gnu-tools-for-stm32.13.3.rel1.macos64_1.0.0.202411102158/tools/bin/../lib/gcc/arm-none-eabi/13.3.1/thumb/v7e-m+fp/hard/crti.o
 .ARM.attributes
                0x00000022       0x34 /Applications/STM32CubeIDE.app/Contents/Eclipse/plugins/com.st.stm32cube.ide.mcu.externaltools.gnu-tools-for-stm32.13.3.rel1.macos64_1.0.0.202411102158/tools/bin/../lib/gcc/arm-none-eabi/13.3.1/thumb/v7e-m+fp/hard/crtbegin.o
 .ARM.attributes
                0x00000056       0x34 ./Core/Src/main.o
 .ARM.attributes
                0x0000008a       0x34 ./Core/Src/stm32f4xx_hal_msp.o
 .ARM.attributes
                0x000000be       0x34 ./Core/Src/stm32f4xx_it.o
 .ARM.attributes
                0x000000f2       0x34 ./Core/Src/system_stm32f4xx.o
 .ARM.attributes
                0x00000126       0x21 ./Core/Startup/startup_stm32f411vetx.o
 .ARM.attributes
                0x00000147       0x34 ./Drivers/STM32F4xx_HAL_Driver/Src/stm32f4xx_hal.o
 .ARM.attributes
                0x0000017b       0x34 ./Drivers/STM32F4xx_HAL_Driver/Src/stm32f4xx_hal_cortex.o
 .ARM.attributes
                0x000001af       0x34 ./Drivers/STM32F4xx_HAL_Driver/Src/stm32f4xx_hal_gpio.o
 .ARM.attributes
                0x000001e3       0x34 ./Drivers/STM32F4xx_HAL_Driver/Src/stm32f4xx_hal_pcd.o
 .ARM.attributes
                0x00000217       0x34 ./Drivers/STM32F4xx_HAL_Driver/Src/stm32f4xx_hal_pcd_ex.o
 .ARM.attributes
                0x0000024b       0x34 ./Drivers/STM32F4xx_HAL_Driver/Src/stm32f4xx_hal_rcc.o
 .ARM.attributes
                0x0000027f       0x34 ./Drivers/STM32F4xx_HAL_Driver/Src/stm32f4xx_ll_usb.o
 .ARM.attributes
                0x000002b3       0x34 ./Middlewares/ST/STM32_USB_Device_Library/Class/CDC/Src/usbd_cdc.o
 .ARM.attributes
                0x000002e7       0x34 ./Middlewares/ST/STM32_USB_Device_Library/Core/Src/usbd_core.o
 .ARM.attributes
                0x0000031b       0x34 ./Middlewares/ST/STM32_USB_Device_Library/Core/Src/usbd_ctlreq.o
 .ARM.attributes
                0x0000034f       0x34 ./Middlewares/ST/STM32_USB_Device_Library/Core/Src/usbd_ioreq.o
 .ARM.attributes
                0x00000383       0x34 ./USB_DEVICE/App/usb_device.o
 .ARM.attributes
                0x000003b7       0x34 ./USB_DEVICE/App/usbd_cdc_if.o
 .ARM.attributes
                0x000003eb       0x34 ./USB_DEVICE/App/usbd_desc.o
 .ARM.attributes
                0x0000041f       0x34 ./USB_DEVICE/Target/usbd_conf.o
 .ARM.attributes
                0x00000453       0x34 /Applications/STM32CubeIDE.app/Contents/Eclipse/plugins/com.st.stm32cube.ide.mcu.externaltools.gnu-tools-for-stm32.13.3.rel1.macos64_1.0.0.202411102158/tools/bin/../lib/gcc/arm-none-eabi/13.3.1/../../../../arm-none-eabi/lib/thumb/v7e-m+fp/hard/libc_nano.a(libc_a-memset.o)
 .ARM.attributes
                0x00000487       0x34 /Applications/STM32CubeIDE.app/Contents/Eclipse/plugins/com.st.stm32cube.ide.mcu.externaltools.gnu-tools-for-stm32.13.3.rel1.macos64_1.0.0.202411102158/tools/bin/../lib/gcc/arm-none-eabi/13.3.1/../../../../arm-none-eabi/lib/thumb/v7e-m+fp/hard/libc_nano.a(libc_a-init.o)
 .ARM.attributes
                0x000004bb       0x17 /Applications/STM32CubeIDE.app/Contents/Eclipse/plugins/com.st.stm32cube.ide.mcu.externaltools.gnu-tools-for-stm32.13.3.rel1.macos64_1.0.0.202411102158/tools/bin/../lib/gcc/arm-none-eabi/13.3.1/../../../../arm-none-eabi/lib/thumb/v7e-m+fp/hard/libc_nano.a(libc_a-strlen.o)
 .ARM.attributes
                0x000004d2       0x22 /Applications/STM32CubeIDE.app/Contents/Eclipse/plugins/com.st.stm32cube.ide.mcu.externaltools.gnu-tools-for-stm32.13.3.rel1.macos64_1.0.0.202411102158/tools/bin/../lib/gcc/arm-none-eabi/13.3.1/thumb/v7e-m+fp/hard/libgcc.a(_aeabi_uldivmod.o)
 .ARM.attributes
                0x000004f4       0x34 /Applications/STM32CubeIDE.app/Contents/Eclipse/plugins/com.st.stm32cube.ide.mcu.externaltools.gnu-tools-for-stm32.13.3.rel1.macos64_1.0.0.202411102158/tools/bin/../lib/gcc/arm-none-eabi/13.3.1/thumb/v7e-m+fp/hard/libgcc.a(_udivmoddi4.o)
 .ARM.attributes
                0x00000528       0x22 /Applications/STM32CubeIDE.app/Contents/Eclipse/plugins/com.st.stm32cube.ide.mcu.externaltools.gnu-tools-for-stm32.13.3.rel1.macos64_1.0.0.202411102158/tools/bin/../lib/gcc/arm-none-eabi/13.3.1/thumb/v7e-m+fp/hard/libgcc.a(_dvmd_tls.o)
 .ARM.attributes
                0x0000054a       0x22 /Applications/STM32CubeIDE.app/Contents/Eclipse/plugins/com.st.stm32cube.ide.mcu.externaltools.gnu-tools-for-stm32.13.3.rel1.macos64_1.0.0.202411102158/tools/bin/../lib/gcc/arm-none-eabi/13.3.1/thumb/v7e-m+fp/hard/crtn.o
OUTPUT(USB_VirtualPortCom.elf elf32-littlearm)
LOAD linker stubs
LOAD /Applications/STM32CubeIDE.app/Contents/Eclipse/plugins/com.st.stm32cube.ide.mcu.externaltools.gnu-tools-for-stm32.13.3.rel1.macos64_1.0.0.202411102158/tools/bin/../lib/gcc/arm-none-eabi/13.3.1/../../../../arm-none-eabi/lib/thumb/v7e-m+fp/hard/libc.a
LOAD /Applications/STM32CubeIDE.app/Contents/Eclipse/plugins/com.st.stm32cube.ide.mcu.externaltools.gnu-tools-for-stm32.13.3.rel1.macos64_1.0.0.202411102158/tools/bin/../lib/gcc/arm-none-eabi/13.3.1/../../../../arm-none-eabi/lib/thumb/v7e-m+fp/hard/libm.a
LOAD /Applications/STM32CubeIDE.app/Contents/Eclipse/plugins/com.st.stm32cube.ide.mcu.externaltools.gnu-tools-for-stm32.13.3.rel1.macos64_1.0.0.202411102158/tools/bin/../lib/gcc/arm-none-eabi/13.3.1/thumb/v7e-m+fp/hard/libgcc.a

.debug_info     0x00000000     0xd340
 .debug_info    0x00000000      0x5c6 ./Core/Src/main.o
 .debug_info    0x000005c6      0x2a4 ./Core/Src/stm32f4xx_hal_msp.o
 .debug_info    0x0000086a      0x627 ./Core/Src/stm32f4xx_it.o
 .debug_info    0x00000e91      0x53e ./Core/Src/system_stm32f4xx.o
 .debug_info    0x000013cf       0x30 ./Core/Startup/startup_stm32f411vetx.o
 .debug_info    0x000013ff      0x8c4 ./Drivers/STM32F4xx_HAL_Driver/Src/stm32f4xx_hal.o
 .debug_info    0x00001cc3      0xcfc ./Drivers/STM32F4xx_HAL_Driver/Src/stm32f4xx_hal_cortex.o
 .debug_info    0x000029bf      0x6f9 ./Drivers/STM32F4xx_HAL_Driver/Src/stm32f4xx_hal_gpio.o
 .debug_info    0x000030b8     0x1577 ./Drivers/STM32F4xx_HAL_Driver/Src/stm32f4xx_hal_pcd.o
 .debug_info    0x0000462f      0x6ea ./Drivers/STM32F4xx_HAL_Driver/Src/stm32f4xx_hal_pcd_ex.o
 .debug_info    0x00004d19      0x904 ./Drivers/STM32F4xx_HAL_Driver/Src/stm32f4xx_hal_rcc.o
 .debug_info    0x0000561d     0x1993 ./Drivers/STM32F4xx_HAL_Driver/Src/stm32f4xx_ll_usb.o
 .debug_info    0x00006fb0     0x12b1 ./Middlewares/ST/STM32_USB_Device_Library/Class/CDC/Src/usbd_cdc.o
 .debug_info    0x00008261      0xe12 ./Middlewares/ST/STM32_USB_Device_Library/Core/Src/usbd_core.o
 .debug_info    0x00009073      0xaeb ./Middlewares/ST/STM32_USB_Device_Library/Core/Src/usbd_ctlreq.o
 .debug_info    0x00009b5e      0x762 ./Middlewares/ST/STM32_USB_Device_Library/Core/Src/usbd_ioreq.o
 .debug_info    0x0000a2c0      0x70e ./USB_DEVICE/App/usb_device.o
 .debug_info    0x0000a9ce      0x907 ./USB_DEVICE/App/usbd_cdc_if.o
 .debug_info    0x0000b2d5      0x458 ./USB_DEVICE/App/usbd_desc.o
 .debug_info    0x0000b72d     0x1c13 ./USB_DEVICE/Target/usbd_conf.o

.debug_abbrev   0x00000000     0x29e9
 .debug_abbrev  0x00000000      0x236 ./Core/Src/main.o
 .debug_abbrev  0x00000236       0xf4 ./Core/Src/stm32f4xx_hal_msp.o
 .debug_abbrev  0x0000032a      0x1a4 ./Core/Src/stm32f4xx_it.o
 .debug_abbrev  0x000004ce      0x11a ./Core/Src/system_stm32f4xx.o
 .debug_abbrev  0x000005e8       0x24 ./Core/Startup/startup_stm32f411vetx.o
 .debug_abbrev  0x0000060c      0x24b ./Drivers/STM32F4xx_HAL_Driver/Src/stm32f4xx_hal.o
 .debug_abbrev  0x00000857      0x31d ./Drivers/STM32F4xx_HAL_Driver/Src/stm32f4xx_hal_cortex.o
 .debug_abbrev  0x00000b74      0x1d3 ./Drivers/STM32F4xx_HAL_Driver/Src/stm32f4xx_hal_gpio.o
 .debug_abbrev  0x00000d47      0x2b6 ./Drivers/STM32F4xx_HAL_Driver/Src/stm32f4xx_hal_pcd.o
 .debug_abbrev  0x00000ffd      0x1da ./Drivers/STM32F4xx_HAL_Driver/Src/stm32f4xx_hal_pcd_ex.o
 .debug_abbrev  0x000011d7      0x2b6 ./Drivers/STM32F4xx_HAL_Driver/Src/stm32f4xx_hal_rcc.o
 .debug_abbrev  0x0000148d      0x2b3 ./Drivers/STM32F4xx_HAL_Driver/Src/stm32f4xx_ll_usb.o
 .debug_abbrev  0x00001740      0x2d2 ./Middlewares/ST/STM32_USB_Device_Library/Class/CDC/Src/usbd_cdc.o
 .debug_abbrev  0x00001a12      0x27c ./Middlewares/ST/STM32_USB_Device_Library/Core/Src/usbd_core.o
 .debug_abbrev  0x00001c8e      0x26f ./Middlewares/ST/STM32_USB_Device_Library/Core/Src/usbd_ctlreq.o
 .debug_abbrev  0x00001efd      0x19a ./Middlewares/ST/STM32_USB_Device_Library/Core/Src/usbd_ioreq.o
 .debug_abbrev  0x00002097      0x195 ./USB_DEVICE/App/usb_device.o
 .debug_abbrev  0x0000222c      0x29d ./USB_DEVICE/App/usbd_cdc_if.o
 .debug_abbrev  0x000024c9      0x1e1 ./USB_DEVICE/App/usbd_desc.o
 .debug_abbrev  0x000026aa      0x33f ./USB_DEVICE/Target/usbd_conf.o

.debug_aranges  0x00000000      0xb50
 .debug_aranges
                0x00000000       0x38 ./Core/Src/main.o
 .debug_aranges
                0x00000038       0x20 ./Core/Src/stm32f4xx_hal_msp.o
 .debug_aranges
                0x00000058       0x68 ./Core/Src/stm32f4xx_it.o
 .debug_aranges
                0x000000c0       0x28 ./Core/Src/system_stm32f4xx.o
 .debug_aranges
                0x000000e8       0x28 ./Core/Startup/startup_stm32f411vetx.o
 .debug_aranges
                0x00000110       0xf0 ./Drivers/STM32F4xx_HAL_Driver/Src/stm32f4xx_hal.o
 .debug_aranges
                0x00000200      0x130 ./Drivers/STM32F4xx_HAL_Driver/Src/stm32f4xx_hal_cortex.o
 .debug_aranges
                0x00000330       0x58 ./Drivers/STM32F4xx_HAL_Driver/Src/stm32f4xx_hal_gpio.o
 .debug_aranges
                0x00000388      0x148 ./Drivers/STM32F4xx_HAL_Driver/Src/stm32f4xx_hal_pcd.o
 .debug_aranges
                0x000004d0       0x38 ./Drivers/STM32F4xx_HAL_Driver/Src/stm32f4xx_hal_pcd_ex.o
 .debug_aranges
                0x00000508       0x88 ./Drivers/STM32F4xx_HAL_Driver/Src/stm32f4xx_hal_rcc.o
 .debug_aranges
                0x00000590      0x1a0 ./Drivers/STM32F4xx_HAL_Driver/Src/stm32f4xx_ll_usb.o
 .debug_aranges
                0x00000730       0x90 ./Middlewares/ST/STM32_USB_Device_Library/Class/CDC/Src/usbd_cdc.o
 .debug_aranges
                0x000007c0       0xd8 ./Middlewares/ST/STM32_USB_Device_Library/Core/Src/usbd_core.o
 .debug_aranges
                0x00000898       0x90 ./Middlewares/ST/STM32_USB_Device_Library/Core/Src/usbd_ctlreq.o
 .debug_aranges
                0x00000928       0x50 ./Middlewares/ST/STM32_USB_Device_Library/Core/Src/usbd_ioreq.o
 .debug_aranges
                0x00000978       0x20 ./USB_DEVICE/App/usb_device.o
 .debug_aranges
                0x00000998       0x48 ./USB_DEVICE/App/usbd_cdc_if.o
 .debug_aranges
                0x000009e0       0x60 ./USB_DEVICE/App/usbd_desc.o
 .debug_aranges
                0x00000a40      0x110 ./USB_DEVICE/Target/usbd_conf.o

.debug_rnglists
                0x00000000      0x853
 .debug_rnglists
                0x00000000       0x26 ./Core/Src/main.o
 .debug_rnglists
                0x00000026       0x13 ./Core/Src/stm32f4xx_hal_msp.o
 .debug_rnglists
                0x00000039       0x49 ./Core/Src/stm32f4xx_it.o
 .debug_rnglists
                0x00000082       0x1a ./Core/Src/system_stm32f4xx.o
 .debug_rnglists
                0x0000009c       0x19 ./Core/Startup/startup_stm32f411vetx.o
 .debug_rnglists
                0x000000b5       0xaf ./Drivers/STM32F4xx_HAL_Driver/Src/stm32f4xx_hal.o
 .debug_rnglists
                0x00000164       0xe0 ./Drivers/STM32F4xx_HAL_Driver/Src/stm32f4xx_hal_cortex.o
 .debug_rnglists
                0x00000244       0x3f ./Drivers/STM32F4xx_HAL_Driver/Src/stm32f4xx_hal_gpio.o
 .debug_rnglists
                0x00000283       0xfa ./Drivers/STM32F4xx_HAL_Driver/Src/stm32f4xx_hal_pcd.o
 .debug_rnglists
                0x0000037d       0x26 ./Drivers/STM32F4xx_HAL_Driver/Src/stm32f4xx_hal_pcd_ex.o
 .debug_rnglists
                0x000003a3       0x66 ./Drivers/STM32F4xx_HAL_Driver/Src/stm32f4xx_hal_rcc.o
 .debug_rnglists
                0x00000409      0x147 ./Drivers/STM32F4xx_HAL_Driver/Src/stm32f4xx_ll_usb.o
 .debug_rnglists
                0x00000550       0x6c ./Middlewares/ST/STM32_USB_Device_Library/Class/CDC/Src/usbd_cdc.o
 .debug_rnglists
                0x000005bc       0xa1 ./Middlewares/ST/STM32_USB_Device_Library/Core/Src/usbd_core.o
 .debug_rnglists
                0x0000065d       0x6e ./Middlewares/ST/STM32_USB_Device_Library/Core/Src/usbd_ctlreq.o
 .debug_rnglists
                0x000006cb       0x37 ./Middlewares/ST/STM32_USB_Device_Library/Core/Src/usbd_ioreq.o
 .debug_rnglists
                0x00000702       0x13 ./USB_DEVICE/App/usb_device.o
 .debug_rnglists
                0x00000715       0x32 ./USB_DEVICE/App/usbd_cdc_if.o
 .debug_rnglists
                0x00000747       0x43 ./USB_DEVICE/App/usbd_desc.o
 .debug_rnglists
                0x0000078a       0xc9 ./USB_DEVICE/Target/usbd_conf.o

.debug_macro    0x00000000    0x17c6c
 .debug_macro   0x00000000      0x38c ./Core/Src/main.o
 .debug_macro   0x0000038c      0xad8 ./Core/Src/main.o
 .debug_macro   0x00000e64      0x295 ./Core/Src/main.o
 .debug_macro   0x000010f9       0x2e ./Core/Src/main.o
 .debug_macro   0x00001127       0x28 ./Core/Src/main.o
 .debug_macro   0x0000114f       0x22 ./Core/Src/main.o
 .debug_macro   0x00001171       0x8e ./Core/Src/main.o
 .debug_macro   0x000011ff       0x51 ./Core/Src/main.o
 .debug_macro   0x00001250      0x103 ./Core/Src/main.o
 .debug_macro   0x00001353       0x6a ./Core/Src/main.o
 .debug_macro   0x000013bd      0x1df ./Core/Src/main.o
 .debug_macro   0x0000159c       0x1c ./Core/Src/main.o
 .debug_macro   0x000015b8       0x22 ./Core/Src/main.o
 .debug_macro   0x000015da       0xfb ./Core/Src/main.o
 .debug_macro   0x000016d5     0x1011 ./Core/Src/main.o
 .debug_macro   0x000026e6      0x11f ./Core/Src/main.o
 .debug_macro   0x00002805     0xb968 ./Core/Src/main.o
 .debug_macro   0x0000e16d       0x6d ./Core/Src/main.o
 .debug_macro   0x0000e1da     0x3693 ./Core/Src/main.o
 .debug_macro   0x0001186d      0x190 ./Core/Src/main.o
 .debug_macro   0x000119fd       0x5c ./Core/Src/main.o
 .debug_macro   0x00011a59      0x45c ./Core/Src/main.o
 .debug_macro   0x00011eb5      0x9e9 ./Core/Src/main.o
 .debug_macro   0x0001289e      0x115 ./Core/Src/main.o
 .debug_macro   0x000129b3      0x11b ./Core/Src/main.o
 .debug_macro   0x00012ace       0xa5 ./Core/Src/main.o
 .debug_macro   0x00012b73      0x15f ./Core/Src/main.o
 .debug_macro   0x00012cd2      0x287 ./Core/Src/main.o
 .debug_macro   0x00012f59       0x5f ./Core/Src/main.o
 .debug_macro   0x00012fb8      0x236 ./Core/Src/main.o
 .debug_macro   0x000131ee      0x132 ./Core/Src/main.o
 .debug_macro   0x00013320      0x264 ./Core/Src/main.o
 .debug_macro   0x00013584       0x2e ./Core/Src/main.o
 .debug_macro   0x000135b2      0x127 ./Core/Src/main.o
 .debug_macro   0x000136d9       0x85 ./Core/Src/main.o
 .debug_macro   0x0001375e       0x89 ./Core/Src/main.o
 .debug_macro   0x000137e7      0x293 ./Core/Src/main.o
 .debug_macro   0x00013a7a       0xba ./Core/Src/main.o
 .debug_macro   0x00013b34      0x126 ./Core/Src/main.o
 .debug_macro   0x00013c5a       0x61 ./Core/Src/main.o
 .debug_macro   0x00013cbb       0x2a ./Core/Src/main.o
 .debug_macro   0x00013ce5       0x43 ./Core/Src/main.o
 .debug_macro   0x00013d28       0x34 ./Core/Src/main.o
 .debug_macro   0x00013d5c       0x16 ./Core/Src/main.o
 .debug_macro   0x00013d72       0x3c ./Core/Src/main.o
 .debug_macro   0x00013dae      0x370 ./Core/Src/main.o
 .debug_macro   0x0001411e       0x10 ./Core/Src/main.o
 .debug_macro   0x0001412e       0x16 ./Core/Src/main.o
 .debug_macro   0x00014144       0x4a ./Core/Src/main.o
 .debug_macro   0x0001418e       0x34 ./Core/Src/main.o
 .debug_macro   0x000141c2       0x10 ./Core/Src/main.o
 .debug_macro   0x000141d2       0x58 ./Core/Src/main.o
 .debug_macro   0x0001422a       0x8e ./Core/Src/main.o
 .debug_macro   0x000142b8       0x1c ./Core/Src/main.o
 .debug_macro   0x000142d4      0x185 ./Core/Src/main.o
 .debug_macro   0x00014459       0x16 ./Core/Src/main.o
 .debug_macro   0x0001446f       0x16 ./Core/Src/main.o
 .debug_macro   0x00014485      0x146 ./Core/Src/main.o
 .debug_macro   0x000145cb       0x16 ./Core/Src/main.o
 .debug_macro   0x000145e1       0x16 ./Core/Src/main.o
 .debug_macro   0x000145f7       0x29 ./Core/Src/main.o
 .debug_macro   0x00014620       0x16 ./Core/Src/main.o
 .debug_macro   0x00014636       0x20 ./Core/Src/main.o
 .debug_macro   0x00014656       0x65 ./Core/Src/main.o
 .debug_macro   0x000146bb      0x20f ./Core/Src/main.o
 .debug_macro   0x000148ca       0x95 ./Core/Src/main.o
 .debug_macro   0x0001495f       0x10 ./Core/Src/main.o
 .debug_macro   0x0001496f      0x1de ./Core/Src/stm32f4xx_hal_msp.o
 .debug_macro   0x00014b4d      0x1e8 ./Core/Src/stm32f4xx_it.o
 .debug_macro   0x00014d35      0x1d4 ./Core/Src/system_stm32f4xx.o
 .debug_macro   0x00014f09      0x234 ./Drivers/STM32F4xx_HAL_Driver/Src/stm32f4xx_hal.o
 .debug_macro   0x0001513d      0x1d4 ./Drivers/STM32F4xx_HAL_Driver/Src/stm32f4xx_hal_cortex.o
 .debug_macro   0x00015311      0x1da ./Drivers/STM32F4xx_HAL_Driver/Src/stm32f4xx_hal_gpio.o
 .debug_macro   0x000154eb      0x1e0 ./Drivers/STM32F4xx_HAL_Driver/Src/stm32f4xx_hal_pcd.o
 .debug_macro   0x000156cb      0x1d4 ./Drivers/STM32F4xx_HAL_Driver/Src/stm32f4xx_hal_pcd_ex.o
 .debug_macro   0x0001589f      0x1f8 ./Drivers/STM32F4xx_HAL_Driver/Src/stm32f4xx_hal_rcc.o
 .debug_macro   0x00015a97      0x1d4 ./Drivers/STM32F4xx_HAL_Driver/Src/stm32f4xx_ll_usb.o
 .debug_macro   0x00015c6b      0x36d ./Middlewares/ST/STM32_USB_Device_Library/Class/CDC/Src/usbd_cdc.o
 .debug_macro   0x00015fd8       0x9e ./Middlewares/ST/STM32_USB_Device_Library/Class/CDC/Src/usbd_cdc.o
 .debug_macro   0x00016076      0x112 ./Middlewares/ST/STM32_USB_Device_Library/Class/CDC/Src/usbd_cdc.o
 .debug_macro   0x00016188       0x56 ./Middlewares/ST/STM32_USB_Device_Library/Class/CDC/Src/usbd_cdc.o
 .debug_macro   0x000161de      0x354 ./Middlewares/ST/STM32_USB_Device_Library/Core/Src/usbd_core.o
 .debug_macro   0x00016532      0x215 ./Middlewares/ST/STM32_USB_Device_Library/Core/Src/usbd_core.o
 .debug_macro   0x00016747      0x35e ./Middlewares/ST/STM32_USB_Device_Library/Core/Src/usbd_ctlreq.o
 .debug_macro   0x00016aa5      0x35a ./Middlewares/ST/STM32_USB_Device_Library/Core/Src/usbd_ioreq.o
 .debug_macro   0x00016dff      0x393 ./USB_DEVICE/App/usb_device.o
 .debug_macro   0x00017192       0x22 ./USB_DEVICE/App/usb_device.o
 .debug_macro   0x000171b4       0x16 ./USB_DEVICE/App/usb_device.o
 .debug_macro   0x000171ca      0x378 ./USB_DEVICE/App/usbd_cdc_if.o
 .debug_macro   0x00017542      0x397 ./USB_DEVICE/App/usbd_desc.o
 .debug_macro   0x000178d9       0x1c ./USB_DEVICE/App/usbd_desc.o
 .debug_macro   0x000178f5      0x377 ./USB_DEVICE/Target/usbd_conf.o

.debug_line     0x00000000     0xeb95
 .debug_line    0x00000000      0xa29 ./Core/Src/main.o
 .debug_line    0x00000a29      0x6da ./Core/Src/stm32f4xx_hal_msp.o
 .debug_line    0x00001103      0x7a0 ./Core/Src/stm32f4xx_it.o
 .debug_line    0x000018a3      0x74f ./Core/Src/system_stm32f4xx.o
 .debug_line    0x00001ff2       0x7b ./Core/Startup/startup_stm32f411vetx.o
 .debug_line    0x0000206d      0x9cb ./Drivers/STM32F4xx_HAL_Driver/Src/stm32f4xx_hal.o
 .debug_line    0x00002a38      0xc9b ./Drivers/STM32F4xx_HAL_Driver/Src/stm32f4xx_hal_cortex.o
 .debug_line    0x000036d3      0xae7 ./Drivers/STM32F4xx_HAL_Driver/Src/stm32f4xx_hal_gpio.o
 .debug_line    0x000041ba     0x1416 ./Drivers/STM32F4xx_HAL_Driver/Src/stm32f4xx_hal_pcd.o
 .debug_line    0x000055d0      0x794 ./Drivers/STM32F4xx_HAL_Driver/Src/stm32f4xx_hal_pcd_ex.o
 .debug_line    0x00005d64      0xdda ./Drivers/STM32F4xx_HAL_Driver/Src/stm32f4xx_hal_rcc.o
 .debug_line    0x00006b3e     0x1ca3 ./Drivers/STM32F4xx_HAL_Driver/Src/stm32f4xx_ll_usb.o
 .debug_line    0x000087e1      0xe3c ./Middlewares/ST/STM32_USB_Device_Library/Class/CDC/Src/usbd_cdc.o
 .debug_line    0x0000961d      0xef4 ./Middlewares/ST/STM32_USB_Device_Library/Core/Src/usbd_core.o
 .debug_line    0x0000a511     0x10b6 ./Middlewares/ST/STM32_USB_Device_Library/Core/Src/usbd_ctlreq.o
 .debug_line    0x0000b5c7      0x9fb ./Middlewares/ST/STM32_USB_Device_Library/Core/Src/usbd_ioreq.o
 .debug_line    0x0000bfc2      0x9c1 ./USB_DEVICE/App/usb_device.o
 .debug_line    0x0000c983      0xa14 ./USB_DEVICE/App/usbd_cdc_if.o
 .debug_line    0x0000d397      0xa6a ./USB_DEVICE/App/usbd_desc.o
 .debug_line    0x0000de01      0xd94 ./USB_DEVICE/Target/usbd_conf.o

.debug_str      0x00000000    0x8711b
 .debug_str     0x00000000    0x8711b ./Core/Src/main.o
                              0x83eb5 (size before relaxing)
 .debug_str     0x0008711b    0x7f610 ./Core/Src/stm32f4xx_hal_msp.o
 .debug_str     0x0008711b    0x7f99a ./Core/Src/stm32f4xx_it.o
 .debug_str     0x0008711b    0x7f6a3 ./Core/Src/system_stm32f4xx.o
 .debug_str     0x0008711b       0x86 ./Core/Startup/startup_stm32f411vetx.o
 .debug_str     0x0008711b    0x800cf ./Drivers/STM32F4xx_HAL_Driver/Src/stm32f4xx_hal.o
 .debug_str     0x0008711b    0x7fe39 ./Drivers/STM32F4xx_HAL_Driver/Src/stm32f4xx_hal_cortex.o
 .debug_str     0x0008711b    0x7f81e ./Drivers/STM32F4xx_HAL_Driver/Src/stm32f4xx_hal_gpio.o
 .debug_str     0x0008711b    0x8016f ./Drivers/STM32F4xx_HAL_Driver/Src/stm32f4xx_hal_pcd.o
 .debug_str     0x0008711b    0x7fa5f ./Drivers/STM32F4xx_HAL_Driver/Src/stm32f4xx_hal_pcd_ex.o
 .debug_str     0x0008711b    0x7fad7 ./Drivers/STM32F4xx_HAL_Driver/Src/stm32f4xx_hal_rcc.o
 .debug_str     0x0008711b    0x8004a ./Drivers/STM32F4xx_HAL_Driver/Src/stm32f4xx_ll_usb.o
 .debug_str     0x0008711b    0x8470d ./Middlewares/ST/STM32_USB_Device_Library/Class/CDC/Src/usbd_cdc.o
 .debug_str     0x0008711b    0x84066 ./Middlewares/ST/STM32_USB_Device_Library/Core/Src/usbd_core.o
 .debug_str     0x0008711b    0x83e91 ./Middlewares/ST/STM32_USB_Device_Library/Core/Src/usbd_ctlreq.o
 .debug_str     0x0008711b    0x83d66 ./Middlewares/ST/STM32_USB_Device_Library/Core/Src/usbd_ioreq.o
 .debug_str     0x0008711b    0x84119 ./USB_DEVICE/App/usb_device.o
 .debug_str     0x0008711b    0x84159 ./USB_DEVICE/App/usbd_cdc_if.o
 .debug_str     0x0008711b    0x83c5e ./USB_DEVICE/App/usbd_desc.o
 .debug_str     0x0008711b    0x84e15 ./USB_DEVICE/Target/usbd_conf.o

.comment        0x00000000       0x43
 .comment       0x00000000       0x43 ./Core/Src/main.o
                                 0x44 (size before relaxing)
 .comment       0x00000043       0x44 ./Core/Src/stm32f4xx_hal_msp.o
 .comment       0x00000043       0x44 ./Core/Src/stm32f4xx_it.o
 .comment       0x00000043       0x44 ./Core/Src/system_stm32f4xx.o
 .comment       0x00000043       0x44 ./Drivers/STM32F4xx_HAL_Driver/Src/stm32f4xx_hal.o
 .comment       0x00000043       0x44 ./Drivers/STM32F4xx_HAL_Driver/Src/stm32f4xx_hal_cortex.o
 .comment       0x00000043       0x44 ./Drivers/STM32F4xx_HAL_Driver/Src/stm32f4xx_hal_gpio.o
 .comment       0x00000043       0x44 ./Drivers/STM32F4xx_HAL_Driver/Src/stm32f4xx_hal_pcd.o
 .comment       0x00000043       0x44 ./Drivers/STM32F4xx_HAL_Driver/Src/stm32f4xx_hal_pcd_ex.o
 .comment       0x00000043       0x44 ./Drivers/STM32F4xx_HAL_Driver/Src/stm32f4xx_hal_rcc.o
 .comment       0x00000043       0x44 ./Drivers/STM32F4xx_HAL_Driver/Src/stm32f4xx_ll_usb.o
 .comment       0x00000043       0x44 ./Middlewares/ST/STM32_USB_Device_Library/Class/CDC/Src/usbd_cdc.o
 .comment       0x00000043       0x44 ./Middlewares/ST/STM32_USB_Device_Library/Core/Src/usbd_core.o
 .comment       0x00000043       0x44 ./Middlewares/ST/STM32_USB_Device_Library/Core/Src/usbd_ctlreq.o
 .comment       0x00000043       0x44 ./Middlewares/ST/STM32_USB_Device_Library/Core/Src/usbd_ioreq.o
 .comment       0x00000043       0x44 ./USB_DEVICE/App/usb_device.o
 .comment       0x00000043       0x44 ./USB_DEVICE/App/usbd_cdc_if.o
 .comment       0x00000043       0x44 ./USB_DEVICE/App/usbd_desc.o
 .comment       0x00000043       0x44 ./USB_DEVICE/Target/usbd_conf.o

.debug_frame    0x00000000     0x2ccc
 .debug_frame   0x00000000       0x90 ./Core/Src/main.o
 .debug_frame   0x00000090       0x34 ./Core/Src/stm32f4xx_hal_msp.o
 .debug_frame   0x000000c4      0x120 ./Core/Src/stm32f4xx_it.o
 .debug_frame   0x000001e4       0x58 ./Core/Src/system_stm32f4xx.o
 .debug_frame   0x0000023c      0x374 ./Drivers/STM32F4xx_HAL_Driver/Src/stm32f4xx_hal.o
 .debug_frame   0x000005b0      0x508 ./Drivers/STM32F4xx_HAL_Driver/Src/stm32f4xx_hal_cortex.o
 .debug_frame   0x00000ab8      0x14c ./Drivers/STM32F4xx_HAL_Driver/Src/stm32f4xx_hal_gpio.o
 .debug_frame   0x00000c04      0x5b8 ./Drivers/STM32F4xx_HAL_Driver/Src/stm32f4xx_hal_pcd.o
 .debug_frame   0x000011bc       0xb0 ./Drivers/STM32F4xx_HAL_Driver/Src/stm32f4xx_hal_pcd_ex.o
 .debug_frame   0x0000126c      0x1f4 ./Drivers/STM32F4xx_HAL_Driver/Src/stm32f4xx_hal_rcc.o
 .debug_frame   0x00001460      0x7c0 ./Drivers/STM32F4xx_HAL_Driver/Src/stm32f4xx_ll_usb.o
 .debug_frame   0x00001c20      0x23c ./Middlewares/ST/STM32_USB_Device_Library/Class/CDC/Src/usbd_cdc.o
 .debug_frame   0x00001e5c      0x390 ./Middlewares/ST/STM32_USB_Device_Library/Core/Src/usbd_core.o
 .debug_frame   0x000021ec      0x23c ./Middlewares/ST/STM32_USB_Device_Library/Core/Src/usbd_ctlreq.o
 .debug_frame   0x00002428      0x10c ./Middlewares/ST/STM32_USB_Device_Library/Core/Src/usbd_ioreq.o
 .debug_frame   0x00002534       0x2c ./USB_DEVICE/App/usb_device.o
 .debug_frame   0x00002560       0xe4 ./USB_DEVICE/App/usbd_cdc_if.o
 .debug_frame   0x00002644      0x160 ./USB_DEVICE/App/usbd_desc.o
 .debug_frame   0x000027a4      0x47c ./USB_DEVICE/Target/usbd_conf.o
 .debug_frame   0x00002c20       0x20 /Applications/STM32CubeIDE.app/Contents/Eclipse/plugins/com.st.stm32cube.ide.mcu.externaltools.gnu-tools-for-stm32.13.3.rel1.macos64_1.0.0.202411102158/tools/bin/../lib/gcc/arm-none-eabi/13.3.1/../../../../arm-none-eabi/lib/thumb/v7e-m+fp/hard/libc_nano.a(libc_a-memset.o)
 .debug_frame   0x00002c40       0x2c /Applications/STM32CubeIDE.app/Contents/Eclipse/plugins/com.st.stm32cube.ide.mcu.externaltools.gnu-tools-for-stm32.13.3.rel1.macos64_1.0.0.202411102158/tools/bin/../lib/gcc/arm-none-eabi/13.3.1/../../../../arm-none-eabi/lib/thumb/v7e-m+fp/hard/libc_nano.a(libc_a-init.o)
 .debug_frame   0x00002c6c       0x2c /Applications/STM32CubeIDE.app/Contents/Eclipse/plugins/com.st.stm32cube.ide.mcu.externaltools.gnu-tools-for-stm32.13.3.rel1.macos64_1.0.0.202411102158/tools/bin/../lib/gcc/arm-none-eabi/13.3.1/thumb/v7e-m+fp/hard/libgcc.a(_aeabi_uldivmod.o)
 .debug_frame   0x00002c98       0x34 /Applications/STM32CubeIDE.app/Contents/Eclipse/plugins/com.st.stm32cube.ide.mcu.externaltools.gnu-tools-for-stm32.13.3.rel1.macos64_1.0.0.202411102158/tools/bin/../lib/gcc/arm-none-eabi/13.3.1/thumb/v7e-m+fp/hard/libgcc.a(_udivmoddi4.o)

.debug_line_str
                0x00000000       0x6a
 .debug_line_str
                0x00000000       0x6a ./Core/Startup/startup_stm32f411vetx.o
